// Jest Snapshot v1, https://goo.gl/fbAQLP

exports[`ArtifactUpload Component renders correctly 1`] = `
.emotion-0 {
  -webkit-user-select: none;
  -moz-user-select: none;
  -ms-user-select: none;
  user-select: none;
  width: 1em;
  height: 1em;
  display: inline-block;
  fill: currentColor;
  -webkit-flex-shrink: 0;
  -ms-flex-negative: 0;
  flex-shrink: 0;
  -webkit-transition: fill 200ms cubic-bezier(0.4, 0, 0.2, 1) 0ms;
  transition: fill 200ms cubic-bezier(0.4, 0, 0.2, 1) 0ms;
  font-size: 1.1607rem;
}

.emotion-0 iconButton {
  margin-right: 8px;
}

<div
  class="dashboard-placeholder fadeIn onboard dropzone"
  role="presentation"
  style="top: 0px;"
  tabindex="0"
>
  <input
    style="display: none;"
    tabindex="-1"
    type="file"
  />
  <span
    class="icon"
  >
    <svg
      aria-hidden="true"
      class="MuiSvgIcon-root MuiSvgIcon-fontSizeSmall emotion-0"
      data-testid="CloudUploadIcon"
      focusable="false"
      viewBox="0 0 24 24"
    >
      <path
        d="M19.35 10.04C18.67 6.59 15.64 4 12 4 9.11 4 6.6 5.64 5.35 8.04 2.34 8.36 0 10.91 0 14c0 3.31 2.69 6 6 6h13c2.76 0 5-2.24 5-5 0-2.64-2.05-4.78-4.65-4.96zM14 13v4h-4v-4H7l5-5 5 5h-3z"
      />
    </svg>
  </span>
   
  <span>
    Drag here or 
    <a>
      browse
    </a>
     to upload an Artifact file
  </span>
</div>
`;
