// Jest Snapshot v1, https://goo.gl/fbAQLP

exports[`AcceptedDevices Component renders correctly 1`] = `
<div
  class="widget "
>
  <div
    class="flexbox widgetHeader"
  >
    <div
      class="flexbox center-aligned"
    >
      Accepted devices 
    </div>
  </div>
  <div
    class="flexbox column widgetMainContent"
  >
    <div
      class="counter"
    />
  </div>
</div>
`;
