// Jest Snapshot v1, https://goo.gl/fbAQLP

exports[`RedirectionWidget Component renders correctly 1`] = `
<body>
  <div>
    <div
      class="widget flexbox centered"
    >
      <p
        class="muted"
        style="max-width: 200px;"
      >
        testlocation
      </p>
    </div>
  </div>
</body>
`;
