// Jest Snapshot v1, https://goo.gl/fbAQLP

exports[`PhysicalDeviceOnboarding Component renders correctly 1`] = `
<div>
  <h4>
    Enter your device type
  </h4>
  <p>
    Setting this attribute on the device ensures that the device will only receive updates for compatible software releases.
  </p>
  <div
    style="display: grid; grid-template-columns: max-content 50px 150px; justify-items: center;"
  >
    <div
      aria-expanded="false"
      class="MuiAutocomplete-root MuiAutocomplete-hasClearIcon"
      role="combobox"
      style="max-width: 300px;"
    >
      <div
        class="MuiFormControl-root MuiTextField-root MuiFormControl-fullWidth"
        style="margin-top: 0px;"
      >
        <label
          class="MuiFormLabel-root MuiInputLabel-root MuiInputLabel-formControl MuiInputLabel-animated"
          data-shrink="false"
          for="device-type-selection"
          id="device-type-selection-label"
        >
          Device type
        </label>
        <div
          class="MuiInputBase-root MuiInput-root MuiInput-underline MuiAutocomplete-inputRoot MuiInputBase-fullWidth MuiInput-fullWidth MuiInputBase-formControl MuiInput-formControl MuiInputBase-adornedEnd"
        >
          <input
            aria-autocomplete="list"
            aria-invalid="false"
            autocapitalize="none"
            autocomplete="off"
            class="MuiInputBase-input MuiInput-input MuiAutocomplete-input MuiAutocomplete-inputFocused MuiInputBase-inputAdornedEnd"
            id="device-type-selection"
            placeholder="Choose a device type"
            spellcheck="false"
            type="text"
            value=""
          />
          <div
            class="MuiAutocomplete-endAdornment"
          >
            <button
              aria-label="Clear"
              class="MuiButtonBase-root MuiIconButton-root MuiAutocomplete-clearIndicator MuiAutocomplete-clearIndicatorDirty"
              tabindex="-1"
              title="Clear"
              type="button"
            >
              <span
                class="MuiIconButton-label"
              >
                <svg
                  aria-hidden="true"
                  class="MuiSvgIcon-root MuiSvgIcon-fontSizeSmall"
                  focusable="false"
                  viewBox="0 0 24 24"
                >
                  <path
                    d="M19 6.41L17.59 5 12 10.59 6.41 5 5 6.41 10.59 12 5 17.59 6.41 19 12 13.41 17.59 19 19 17.59 13.41 12z"
                  />
                </svg>
              </span>
              <span
                class="MuiTouchRipple-root"
              />
            </button>
          </div>
        </div>
      </div>
    </div>
    <div />
    <div
      class="clickable flexbox muted"
      style="align-items: end; margin-bottom: 3px;"
    >
      <svg
        aria-hidden="true"
        class="MuiSvgIcon-root"
        focusable="false"
        viewBox="0 0 24 24"
      >
        <path
          d="M11 7h2v2h-2zm0 4h2v6h-2zm1-9C6.48 2 2 6.48 2 12s4.48 10 10 10 10-4.48 10-10S17.52 2 12 2zm0 18c-4.41 0-8-3.59-8-8s3.59-8 8-8 8 3.59 8 8-3.59 8-8 8z"
        />
      </svg>
    </div>
  </div>
</div>
`;

exports[`PhysicalDeviceOnboarding Component tiny onboarding tips renders ConvertedImageNote correctly 1`] = `
<div>
  <p>
    We prepared an image, ready for Mender, for you to start with. You can find it in the
     
    <a
      href="https://docs.mender.io/get-started/preparation/prepare-a-raspberry-pi-device"
      rel="noopener noreferrer"
      target="_blank"
    >
      Prepare a Raspberry Pi device
    </a>
     
    documentation, which also contains instructions for initial device setup.Once you're done flashing you can go ahead and proceed to the next step.
  </p>
</div>
`;

exports[`PhysicalDeviceOnboarding Component tiny onboarding tips renders DeviceTypeSelectionStep correctly 1`] = `
<div>
  <h4>
    Enter your device type
  </h4>
  <p>
    Setting this attribute on the device ensures that the device will only receive updates for compatible software releases.
  </p>
  <div
    style="display: grid; grid-template-columns: max-content 50px 150px; justify-items: center;"
  >
    <div
      aria-expanded="false"
      class="MuiAutocomplete-root MuiAutocomplete-hasClearIcon"
      role="combobox"
      style="max-width: 300px;"
    >
      <div
        class="MuiFormControl-root MuiTextField-root MuiFormControl-fullWidth"
        style="margin-top: 0px;"
      >
        <label
          class="MuiFormLabel-root MuiInputLabel-root MuiInputLabel-formControl MuiInputLabel-animated MuiInputLabel-shrink MuiFormLabel-filled"
          data-shrink="true"
          for="device-type-selection"
          id="device-type-selection-label"
        >
          Device type
        </label>
        <div
          class="MuiInputBase-root MuiInput-root MuiInput-underline MuiAutocomplete-inputRoot MuiInputBase-fullWidth MuiInput-fullWidth MuiInputBase-formControl MuiInput-formControl MuiInputBase-adornedEnd"
        >
          <input
            aria-autocomplete="list"
            aria-invalid="false"
            autocapitalize="none"
            autocomplete="off"
            class="MuiInputBase-input MuiInput-input MuiAutocomplete-input MuiAutocomplete-inputFocused MuiInputBase-inputAdornedEnd"
            id="device-type-selection"
            placeholder="Choose a device type"
            spellcheck="false"
            type="text"
            value="raspberrypi7"
          />
          <div
            class="MuiAutocomplete-endAdornment"
          >
            <button
              aria-label="Clear"
              class="MuiButtonBase-root MuiIconButton-root MuiAutocomplete-clearIndicator MuiAutocomplete-clearIndicatorDirty"
              tabindex="-1"
              title="Clear"
              type="button"
            >
              <span
                class="MuiIconButton-label"
              >
                <svg
                  aria-hidden="true"
                  class="MuiSvgIcon-root MuiSvgIcon-fontSizeSmall"
                  focusable="false"
                  viewBox="0 0 24 24"
                >
                  <path
                    d="M19 6.41L17.59 5 12 10.59 6.41 5 5 6.41 10.59 12 5 17.59 6.41 19 12 13.41 17.59 19 19 17.59 13.41 12z"
                  />
                </svg>
              </span>
              <span
                class="MuiTouchRipple-root"
              />
            </button>
          </div>
        </div>
      </div>
    </div>
    <div
      class="flexbox"
      style="align-items: end;"
    >
      <div
        class="tooltip help"
        style="margin-left: 0px; position: initial;"
      >
        <svg
          aria-hidden="true"
          class="MuiSvgIcon-root"
          focusable="false"
          viewBox="0 0 24 24"
        >
          <path
            d="M12 2C6.48 2 2 6.48 2 12s4.48 10 10 10 10-4.48 10-10S17.52 2 12 2zm1 17h-2v-2h2v2zm2.07-7.75l-.9.92C13.45 12.9 13 13.5 13 15h-2v-.5c0-1.1.45-2.1 1.17-2.83l1.24-1.26c.37-.36.59-.86.59-1.41 0-1.1-.9-2-2-2s-2 .9-2 2H8c0-2.21 1.79-4 4-4s4 1.79 4 4c0 .88-.36 1.68-.93 2.25z"
          />
        </svg>
      </div>
    </div>
    <div
      class="clickable flexbox muted"
      style="align-items: end; margin-bottom: 3px;"
    >
      <svg
        aria-hidden="true"
        class="MuiSvgIcon-root"
        focusable="false"
        viewBox="0 0 24 24"
      >
        <path
          d="M11 7h2v2h-2zm0 4h2v6h-2zm1-9C6.48 2 2 6.48 2 12s4.48 10 10 10 10-4.48 10-10S17.52 2 12 2zm0 18c-4.41 0-8-3.59-8-8s3.59-8 8-8 8 3.59 8 8-3.59 8-8 8z"
        />
      </svg>
    </div>
  </div>
  <p>
    We prepared an image, ready for Mender, for you to start with. You can find it in the
     
    <a
      href="https://docs.mender.io/get-started/preparation/prepare-a-raspberry-pi-device"
      rel="noopener noreferrer"
      target="_blank"
    >
      Prepare a Raspberry Pi device
    </a>
     
    documentation, which also contains instructions for initial device setup.Once you're done flashing you can go ahead and proceed to the next step.
  </p>
</div>
`;

exports[`PhysicalDeviceOnboarding Component tiny onboarding tips renders DeviceTypeTip correctly 1`] = `
<div>
  <div
    class="flexbox"
    style="align-items: end;"
  >
    <div
      class="tooltip help"
      style="margin-left: 0px; position: initial;"
    >
      <svg
        aria-hidden="true"
        class="MuiSvgIcon-root"
        focusable="false"
        viewBox="0 0 24 24"
      >
        <path
          d="M12 2C6.48 2 2 6.48 2 12s4.48 10 10 10 10-4.48 10-10S17.52 2 12 2zm1 17h-2v-2h2v2zm2.07-7.75l-.9.92C13.45 12.9 13 13.5 13 15h-2v-.5c0-1.1.45-2.1 1.17-2.83l1.24-1.26c.37-.36.59-.86.59-1.41 0-1.1-.9-2-2-2s-2 .9-2 2H8c0-2.21 1.79-4 4-4s4 1.79 4 4c0 .88-.36 1.68-.93 2.25z"
        />
      </svg>
    </div>
  </div>
</div>
`;

exports[`PhysicalDeviceOnboarding Component tiny onboarding tips renders ExternalProviderTip correctly 1`] = `
<div>
  <div
    class="clickable flexbox muted"
    style="align-items: end; margin-bottom: 3px;"
  >
    <svg
      aria-hidden="true"
      class="MuiSvgIcon-root"
      focusable="false"
      viewBox="0 0 24 24"
    >
      <path
        d="M11 7h2v2h-2zm0 4h2v6h-2zm1-9C6.48 2 2 6.48 2 12s4.48 10 10 10 10-4.48 10-10S17.52 2 12 2zm0 18c-4.41 0-8-3.59-8-8s3.59-8 8-8 8 3.59 8 8-3.59 8-8 8z"
      />
    </svg>
  </div>
</div>
`;

exports[`PhysicalDeviceOnboarding Component tiny onboarding tips renders ExternalProviderTip correctly 2`] = `
<div>
  <div
    class="clickable flexbox muted"
    style="align-items: end; margin-bottom: 3px;"
  >
    <svg
      aria-hidden="true"
      class="MuiSvgIcon-root"
      focusable="false"
      viewBox="0 0 24 24"
    >
      <path
        d="M11 7h2v2h-2zm0 4h2v6h-2zm1-9C6.48 2 2 6.48 2 12s4.48 10 10 10 10-4.48 10-10S17.52 2 12 2zm0 18c-4.41 0-8-3.59-8-8s3.59-8 8-8 8 3.59 8 8-3.59 8-8 8z"
      />
    </svg>
  </div>
</div>
`;

exports[`PhysicalDeviceOnboarding Component tiny onboarding tips renders InstallationStep correctly 1`] = `
<div>
  <h4>
    Log into your device and install the Mender client
  </h4>
  <p>
    Copy & paste and run this command 
    <b>
      on your device
    </b>
    :
  </p>
  <div
    class="code"
  >
    <button
      class="MuiButtonBase-root MuiButton-root MuiButton-text"
      style="float: right; margin: -20px 0px 0px 10px;"
      tabindex="0"
      type="button"
    >
      <span
        class="MuiButton-label"
      >
        <span
          class="MuiButton-startIcon MuiButton-iconSizeMedium"
        >
          <svg
            aria-hidden="true"
            class="MuiSvgIcon-root"
            focusable="false"
            viewBox="0 0 24 24"
          >
            <path
              d="M16 1H4c-1.1 0-2 .9-2 2v14h2V3h12V1zm-1 4l6 6v10c0 1.1-.9 2-2 2H7.99C6.89 23 6 22.1 6 21l.01-14c0-1.1.89-2 1.99-2h7zm-1 7h5.5L14 6.5V12z"
            />
          </svg>
        </span>
        Copy to clipboard
      </span>
      <span
        class="MuiTouchRipple-root"
      />
    </button>
    <span
      style="white-space: pre-wrap; word-break: break-word;"
    >
      JWT_TOKEN="eyJhbGciOiJSUzI1NiIsInR5cCI6IkpXVCJ9.eyJqdGkiOiJjZTNkMGY4Yy1hZWRlLTQwMzAtYjM5MS03ZDUwMjBlYjg3M2UiLCJzdWIiOiJhMzBhNzgwYi1iODQzLTUzNDQtODBlMy0wZmQ5NWE0ZjZmYzMiLCJleHAiOjE2MDY4MTUzNjksImlhdCI6MTYwNjIxMDU2OSwibWVuZGVyLnRlbmFudCI6IjVmODVjMTdiY2U2MmI3ZmE3ZjVmNzA0MCIsIm1lbmRlci51c2VyIjp0cnVlLCJpc3MiOiJNZW5kZXIgVXNlcnMiLCJzY3AiOiJtZW5kZXIuKiIsIm1lbmRlci5wbGFuIjoicHJvZmVzc2lvbmFsIiwibmJmIjoxNjA2MjEwNTY5fQ.qVgYdCzLTf8OdK9uUctqqaY_HWkIiwpekuGvuGQAXCEgOv4bRNDlZRN_ZRSbxQoARG3pquhScbQrjBV9tcF4irTUPlTn3yrsXNO17DpcbTVeKRkb88RDtIKiRw3orVZ_GlIb-ckTQ5dS-Nqlyyf3Fmrhca-gwt6m_xv2UrmJK6eYYTMfggdRRWb-4u7mEkBI_pHPMTQrT8kJ2BeX-vHgazH9AoH0k85LHtFZQXD7pXHlDZRnLxJXukncwMGDmF17374gavYAIyDIzcC8sEBMDnVXgpikeA1sauzirqix6mAVs6XmxdQO7aF0wfXO1_PTYUA3Nk1oQfMYNlEI3U9uLRJRZIq2L8fmrrBryhstKd4y0KlBbGAQrx8NtRkgajjd1ljMfPBUEZrb7uSerVjneiO-aIBO76CuH0zdklphIjpGJeogkBhe8pAYNggp1XsZHgpZfl7IE5faKaDkMGnutaea--Czor6bhqUNCuY4tR0cpQJbNwy6LS9o1CFy4Log"
TENANT_TOKEN="testtoken"
wget -O- https://get.mender.io | sudo bash -s -- --demo --commercial --jwt-token $JWT_TOKEN -- --quiet --device-type "raspberrypi7" --tenant-token $TENANT_TOKEN --demo --hosted-mender
    </span>
  </div>
  <p />
  <p>
    This downloads the Mender client on the device, sets the configuration and starts the client.
  </p>
  <p>
    Once the client has started, your device will attempt to connect to the server. It will then appear in your Pending devices tab and you can continue.
  </p>
</div>
`;
