// Jest Snapshot v1, https://goo.gl/fbAQLP

exports[`TimeframePicker Component renders correctly 1`] = `
.emotion-0 {
  display: -webkit-inline-box;
  display: -webkit-inline-flex;
  display: -ms-inline-flexbox;
  display: inline-flex;
  -webkit-flex-direction: column;
  -ms-flex-direction: column;
  flex-direction: column;
  position: relative;
  min-width: 0;
  padding: 0;
  margin: 0;
  border: 0;
  vertical-align: top;
  margin-top: 18px;
  min-width: 240px;
}

.emotion-1 {
  color: rgba(0, 0, 0, 0.54);
  line-height: 1.4375em;
  font-family: Lato,sans-serif;
  font-weight: 400;
  font-size: 0.9286rem;
  padding: 0;
  position: relative;
  color: rgba(0, 0, 0, 0.54);
  display: block;
  transform-origin: top left;
  white-space: nowrap;
  overflow: hidden;
  text-overflow: ellipsis;
  max-width: 133%;
  position: absolute;
  left: 0;
  top: 0;
  -webkit-transform: translate(0, -1.5px) scale(0.75);
  -moz-transform: translate(0, -1.5px) scale(0.75);
  -ms-transform: translate(0, -1.5px) scale(0.75);
  transform: translate(0, -1.5px) scale(0.75);
  -webkit-transition: color 200ms cubic-bezier(0.0, 0, 0.2, 1) 0ms,-webkit-transform 200ms cubic-bezier(0.0, 0, 0.2, 1) 0ms,max-width 200ms cubic-bezier(0.0, 0, 0.2, 1) 0ms;
  transition: color 200ms cubic-bezier(0.0, 0, 0.2, 1) 0ms,transform 200ms cubic-bezier(0.0, 0, 0.2, 1) 0ms,max-width 200ms cubic-bezier(0.0, 0, 0.2, 1) 0ms;
}

.emotion-1.Mui-focused {
  color: #337a87;
}

.emotion-1.Mui-disabled {
  color: rgba(0, 0, 0, 0.38);
}

.emotion-1.Mui-error {
  color: #ab1000;
}

.emotion-1.Mui-focused {
  color: #337a87;
}

.emotion-2 {
  line-height: 1.4375em;
  font-family: Lato,sans-serif;
  font-weight: 400;
  font-size: 0.9286rem;
  color: rgba(10, 10, 11, 0.78);
  box-sizing: border-box;
  position: relative;
  cursor: text;
  display: -webkit-inline-box;
  display: -webkit-inline-flex;
  display: -ms-inline-flexbox;
  display: inline-flex;
  -webkit-align-items: center;
  -webkit-box-align: center;
  -ms-flex-align: center;
  align-items: center;
  position: relative;
}

.emotion-2.Mui-disabled {
  color: rgba(0, 0, 0, 0.38);
  cursor: default;
}

label+.emotion-2 {
  margin-top: 16px;
}

.emotion-2:after {
  border-bottom: 2px solid #337a87;
  left: 0;
  bottom: 0;
  content: "";
  position: absolute;
  right: 0;
  -webkit-transform: scaleX(0);
  -moz-transform: scaleX(0);
  -ms-transform: scaleX(0);
  transform: scaleX(0);
  -webkit-transition: -webkit-transform 200ms cubic-bezier(0.0, 0, 0.2, 1) 0ms;
  transition: transform 200ms cubic-bezier(0.0, 0, 0.2, 1) 0ms;
  pointer-events: none;
}

.emotion-2.Mui-focused:after {
  -webkit-transform: scaleX(1) translateX(0);
  -moz-transform: scaleX(1) translateX(0);
  -ms-transform: scaleX(1) translateX(0);
  transform: scaleX(1) translateX(0);
}

.emotion-2.Mui-error:after {
  border-bottom-color: #ab1000;
  -webkit-transform: scaleX(1);
  -moz-transform: scaleX(1);
  -ms-transform: scaleX(1);
  transform: scaleX(1);
}

.emotion-2:before {
  border-bottom: 1px solid rgba(0, 0, 0, 0.42);
  left: 0;
  bottom: 0;
  content: "\\00a0";
  position: absolute;
  right: 0;
  -webkit-transition: border-bottom-color 200ms cubic-bezier(0.4, 0, 0.2, 1) 0ms;
  transition: border-bottom-color 200ms cubic-bezier(0.4, 0, 0.2, 1) 0ms;
  pointer-events: none;
}

.emotion-2:hover:not(.Mui-disabled):before {
  border-bottom: 2px solid rgba(10, 10, 11, 0.78);
}

@media (hover: none) {
  .emotion-2:hover:not(.Mui-disabled):before {
    border-bottom: 1px solid rgba(0, 0, 0, 0.42);
  }
}

.emotion-2.Mui-disabled:before {
  border-bottom-style: dotted;
}

.emotion-2:before {
  border-bottom: 1px solid rgb(224, 224, 224);
}

.emotion-2:hover:not($disabled):before {
  border-bottom: 2px solid #337a87!important;
}

.emotion-2:after {
  border-bottom: 2px solid #337a87;
}

.emotion-3 {
  font: inherit;
  letter-spacing: inherit;
  color: currentColor;
  padding: 4px 0 5px;
  border: 0;
  box-sizing: content-box;
  background: none;
  height: 1.4375em;
  margin: 0;
  -webkit-tap-highlight-color: transparent;
  display: block;
  min-width: 0;
  width: 100%;
  -webkit-animation-name: mui-auto-fill-cancel;
  animation-name: mui-auto-fill-cancel;
  -webkit-animation-duration: 10ms;
  animation-duration: 10ms;
}

.emotion-3::-webkit-input-placeholder {
  color: currentColor;
  opacity: 0.42;
  -webkit-transition: opacity 200ms cubic-bezier(0.4, 0, 0.2, 1) 0ms;
  transition: opacity 200ms cubic-bezier(0.4, 0, 0.2, 1) 0ms;
}

.emotion-3::-moz-placeholder {
  color: currentColor;
  opacity: 0.42;
  -webkit-transition: opacity 200ms cubic-bezier(0.4, 0, 0.2, 1) 0ms;
  transition: opacity 200ms cubic-bezier(0.4, 0, 0.2, 1) 0ms;
}

.emotion-3:-ms-input-placeholder {
  color: currentColor;
  opacity: 0.42;
  -webkit-transition: opacity 200ms cubic-bezier(0.4, 0, 0.2, 1) 0ms;
  transition: opacity 200ms cubic-bezier(0.4, 0, 0.2, 1) 0ms;
}

.emotion-3::-ms-input-placeholder {
  color: currentColor;
  opacity: 0.42;
  -webkit-transition: opacity 200ms cubic-bezier(0.4, 0, 0.2, 1) 0ms;
  transition: opacity 200ms cubic-bezier(0.4, 0, 0.2, 1) 0ms;
}

.emotion-3:focus {
  outline: 0;
}

.emotion-3:invalid {
  box-shadow: none;
}

.emotion-3::-webkit-search-decoration {
  -webkit-appearance: none;
}

label[data-shrink=false]+.MuiInputBase-formControl .emotion-3::-webkit-input-placeholder {
  opacity: 0!important;
}

label[data-shrink=false]+.MuiInputBase-formControl .emotion-3::-moz-placeholder {
  opacity: 0!important;
}

label[data-shrink=false]+.MuiInputBase-formControl .emotion-3:-ms-input-placeholder {
  opacity: 0!important;
}

label[data-shrink=false]+.MuiInputBase-formControl .emotion-3::-ms-input-placeholder {
  opacity: 0!important;
}

label[data-shrink=false]+.MuiInputBase-formControl .emotion-3:focus::-webkit-input-placeholder {
  opacity: 0.42;
}

label[data-shrink=false]+.MuiInputBase-formControl .emotion-3:focus::-moz-placeholder {
  opacity: 0.42;
}

label[data-shrink=false]+.MuiInputBase-formControl .emotion-3:focus:-ms-input-placeholder {
  opacity: 0.42;
}

label[data-shrink=false]+.MuiInputBase-formControl .emotion-3:focus::-ms-input-placeholder {
  opacity: 0.42;
}

.emotion-3.Mui-disabled {
  opacity: 1;
  -webkit-text-fill-color: rgba(0, 0, 0, 0.38);
}

.emotion-3:-webkit-autofill {
  -webkit-animation-duration: 5000s;
  animation-duration: 5000s;
  -webkit-animation-name: mui-auto-fill;
  animation-name: mui-auto-fill;
}

<div>
  <div
    class="MuiFormControl-root MuiTextField-root margin-top-none margin-left-small emotion-0"
  >
    <label
      class="MuiInputLabel-root MuiInputLabel-formControl MuiInputLabel-animated MuiInputLabel-shrink MuiInputLabel-standard MuiFormLabel-root MuiFormLabel-colorPrimary MuiFormLabel-filled emotion-1"
      data-shrink="true"
      for="mui-1"
      id="mui-1-label"
    >
      From
    </label>
    <div
      class="MuiInput-root MuiInput-underline MuiInputBase-root MuiInputBase-colorPrimary MuiInputBase-formControl emotion-2"
    >
      <input
        aria-invalid="false"
        aria-label="Choose date, selected date is Jan 1, 2019"
        aria-readonly="true"
        class="MuiInput-input MuiInputBase-input emotion-3"
        id="mui-1"
        readonly=""
        type="text"
        value="January 1st"
      />
    </div>
  </div>
  <div
    class="MuiFormControl-root MuiTextField-root margin-top-none margin-left-small emotion-0"
  >
    <label
      class="MuiInputLabel-root MuiInputLabel-formControl MuiInputLabel-animated MuiInputLabel-shrink MuiInputLabel-standard MuiFormLabel-root MuiFormLabel-colorPrimary MuiFormLabel-filled emotion-1"
      data-shrink="true"
      for="mui-3"
      id="mui-3-label"
    >
      To
    </label>
    <div
      class="MuiInput-root MuiInput-underline MuiInputBase-root MuiInputBase-colorPrimary MuiInputBase-formControl emotion-2"
    >
      <input
        aria-invalid="false"
        aria-label="Choose date, selected date is Jan 1, 2019"
        aria-readonly="true"
        class="MuiInput-input MuiInputBase-input emotion-3"
        id="mui-3"
        readonly=""
        type="text"
        value="January 1st"
      />
    </div>
  </div>
</div>
`;
