// Jest Snapshot v1, https://goo.gl/fbAQLP

exports[`ArtifactPayload Component renders correctly 1`] = `
.emotion-0 {
  list-style: none;
  margin: 0;
  padding: 0;
  position: relative;
  padding-top: 8px;
  padding-bottom: 8px;
}

.emotion-1 {
  display: -webkit-box;
  display: -webkit-flex;
  display: -ms-flexbox;
  display: flex;
  -webkit-box-pack: start;
  -ms-flex-pack: start;
  -webkit-justify-content: flex-start;
  justify-content: flex-start;
  -webkit-align-items: center;
  -webkit-box-align: center;
  -ms-flex-align: center;
  align-items: center;
  position: relative;
  -webkit-text-decoration: none;
  text-decoration: none;
  width: 100%;
  box-sizing: border-box;
  text-align: left;
  padding-top: 8px;
  padding-bottom: 8px;
  padding-left: 16px;
  padding-right: 16px;
}

.emotion-1.Mui-focusVisible {
  background-color: rgba(0, 0, 0, 0.12);
}

.emotion-1.Mui-selected {
  background-color: rgba(25, 118, 210, 0.08);
}

.emotion-1.Mui-selected.Mui-focusVisible {
  background-color: rgba(25, 118, 210, 0.2);
}

.emotion-1.Mui-disabled {
  opacity: 0.38;
}

.emotion-2 {
  -webkit-flex: 1 1 auto;
  -ms-flex: 1 1 auto;
  flex: 1 1 auto;
  min-width: 0;
  margin-top: 6px;
  margin-bottom: 6px;
}

.emotion-3 {
  margin: 0;
  font-family: "Roboto","Helvetica","Arial",sans-serif;
  font-weight: 400;
  font-size: 1rem;
  line-height: 1.5;
  letter-spacing: 0.00938em;
  display: block;
}

.emotion-4 {
  margin: 0;
  font-family: "Roboto","Helvetica","Arial",sans-serif;
  font-weight: 400;
  font-size: 0.875rem;
  line-height: 1.43;
  letter-spacing: 0.01071em;
  color: rgba(0, 0, 0, 0.6);
  display: block;
}

<div
  class="file-details"
>
  <h4
    style="position: absolute; background: rgb(233, 233, 233); top: -35px; padding: 10px;"
  >
    Payload 
  </h4>
  <ul
    class="MuiList-root MuiList-padding emotion-0"
    style="display: flex; flex-direction: row;"
  >
    <li
      class="attributes MuiListItem-root MuiListItem-gutters MuiListItem-padding opaque Mui-disabled emotion-1"
      disabled=""
      style="padding-bottom: 11px; border-bottom: 1px solid #e0e0e0; margin-right: 2vw;"
    >
      <div
        class="MuiListItemText-root MuiListItemText-multiline emotion-2"
      >
        <span
          class="MuiTypography-root MuiTypography-body1 MuiListItemText-primary emotion-3"
        >
          Type
        </span>
        <p
          class="MuiTypography-root MuiTypography-body2 MuiListItemText-secondary emotion-4"
        >
          test
        </p>
      </div>
    </li>
    <li
      class="attributes MuiListItem-root MuiListItem-gutters MuiListItem-padding opaque Mui-disabled emotion-1"
      disabled=""
      style="padding-bottom: 11px; border-bottom: 1px solid #e0e0e0; margin-right: 2vw;"
    >
      <div
        class="MuiListItemText-root MuiListItemText-multiline emotion-2"
      >
        <span
          class="MuiTypography-root MuiTypography-body1 MuiListItemText-primary emotion-3"
        >
          Total Size (uncompressed)
        </span>
        <p
          class="MuiTypography-root MuiTypography-body2 MuiListItemText-secondary emotion-4"
        >
          0 Bytes
        </p>
      </div>
    </li>
  </ul>
  <div
    class="file-meta"
  >
    <h4>
      Files
    </h4>
    <p>
      There are no files in this Artifact
    </p>
  </div>
</div>
`;
