// Jest Snapshot v1, https://goo.gl/fbAQLP

exports[`ReleaseRepositoryItem Component renders correctly 1`] = `
.emotion-0 {
  background-color: #fff;
  color: rgba(0, 0, 0, 0.87);
  -webkit-transition: box-shadow 300ms cubic-bezier(0.4, 0, 0.2, 1) 0ms;
  transition: box-shadow 300ms cubic-bezier(0.4, 0, 0.2, 1) 0ms;
  box-shadow: 0px 2px 1px -1px rgba(0,0,0,0.2),0px 1px 1px 0px rgba(0,0,0,0.14),0px 1px 3px 0px rgba(0,0,0,0.12);
  position: relative;
  -webkit-transition: margin 150ms cubic-bezier(0.4, 0, 0.2, 1) 0ms;
  transition: margin 150ms cubic-bezier(0.4, 0, 0.2, 1) 0ms;
  overflow-anchor: none;
}

.emotion-0:before {
  position: absolute;
  left: 0;
  top: -1px;
  right: 0;
  height: 1px;
  content: "";
  opacity: 1;
  background-color: rgba(0, 0, 0, 0.12);
  -webkit-transition: opacity 150ms cubic-bezier(0.4, 0, 0.2, 1) 0ms,background-color 150ms cubic-bezier(0.4, 0, 0.2, 1) 0ms;
  transition: opacity 150ms cubic-bezier(0.4, 0, 0.2, 1) 0ms,background-color 150ms cubic-bezier(0.4, 0, 0.2, 1) 0ms;
}

.emotion-0:first-of-type:before {
  display: none;
}

.emotion-0.Mui-expanded:before {
  opacity: 0;
}

.emotion-0.Mui-expanded:first-of-type {
  margin-top: 0;
}

.emotion-0.Mui-expanded:last-of-type {
  margin-bottom: 0;
}

.emotion-0.Mui-expanded+.emotion-0.Mui-expanded:before {
  display: none;
}

.emotion-0.Mui-disabled {
  background-color: rgba(0, 0, 0, 0.12);
}

.emotion-0.Mui-expanded {
  margin: 16px 0;
}

.emotion-1 {
  display: -webkit-inline-box;
  display: -webkit-inline-flex;
  display: -ms-inline-flexbox;
  display: inline-flex;
  -webkit-align-items: center;
  -webkit-box-align: center;
  -ms-flex-align: center;
  align-items: center;
  -webkit-box-pack: center;
  -ms-flex-pack: center;
  -webkit-justify-content: center;
  justify-content: center;
  position: relative;
  box-sizing: border-box;
  -webkit-tap-highlight-color: transparent;
  background-color: transparent;
  outline: 0;
  border: 0;
  margin: 0;
  border-radius: 0;
  padding: 0;
  cursor: pointer;
  -webkit-user-select: none;
  -moz-user-select: none;
  -ms-user-select: none;
  user-select: none;
  vertical-align: middle;
  -moz-appearance: none;
  -webkit-appearance: none;
  -webkit-text-decoration: none;
  text-decoration: none;
  color: inherit;
  display: -webkit-box;
  display: -webkit-flex;
  display: -ms-flexbox;
  display: flex;
  min-height: 48px;
  padding: 0px 16px;
  -webkit-transition: min-height 150ms cubic-bezier(0.4, 0, 0.2, 1) 0ms,background-color 150ms cubic-bezier(0.4, 0, 0.2, 1) 0ms;
  transition: min-height 150ms cubic-bezier(0.4, 0, 0.2, 1) 0ms,background-color 150ms cubic-bezier(0.4, 0, 0.2, 1) 0ms;
}

.emotion-1::-moz-focus-inner {
  border-style: none;
}

.emotion-1.Mui-disabled {
  pointer-events: none;
  cursor: default;
}

@media print {
  .emotion-1 {
    -webkit-print-color-adjust: exact;
    color-adjust: exact;
  }
}

.emotion-1.Mui-focusVisible {
  background-color: rgba(0, 0, 0, 0.12);
}

.emotion-1.Mui-disabled {
  opacity: 0.38;
}

.emotion-1:hover:not(.Mui-disabled) {
  cursor: pointer;
}

.emotion-1.Mui-expanded {
  min-height: 64px;
}

.emotion-2 {
  display: -webkit-box;
  display: -webkit-flex;
  display: -ms-flexbox;
  display: flex;
  -webkit-box-flex: 1;
  -webkit-flex-grow: 1;
  -ms-flex-positive: 1;
  flex-grow: 1;
  margin: 12px 0;
  -webkit-transition: margin 150ms cubic-bezier(0.4, 0, 0.2, 1) 0ms;
  transition: margin 150ms cubic-bezier(0.4, 0, 0.2, 1) 0ms;
}

.emotion-2.Mui-expanded {
  margin: 20px 0;
}

.emotion-3 {
  display: -webkit-inline-box;
  display: -webkit-inline-flex;
  display: -ms-inline-flexbox;
  display: inline-flex;
  -webkit-align-items: center;
  -webkit-box-align: center;
  -ms-flex-align: center;
  align-items: center;
  -webkit-box-pack: center;
  -ms-flex-pack: center;
  -webkit-justify-content: center;
  justify-content: center;
  position: relative;
  box-sizing: border-box;
  -webkit-tap-highlight-color: transparent;
  background-color: transparent;
  outline: 0;
  border: 0;
  margin: 0;
  border-radius: 0;
  padding: 0;
  cursor: pointer;
  -webkit-user-select: none;
  -moz-user-select: none;
  -ms-user-select: none;
  user-select: none;
  vertical-align: middle;
  -moz-appearance: none;
  -webkit-appearance: none;
  -webkit-text-decoration: none;
  text-decoration: none;
  color: inherit;
  text-align: center;
  -webkit-flex: 0 0 auto;
  -ms-flex: 0 0 auto;
  flex: 0 0 auto;
  font-size: 1.5rem;
  padding: 8px;
  border-radius: 50%;
  overflow: visible;
  color: rgba(0, 0, 0, 0.54);
  -webkit-transition: background-color 150ms cubic-bezier(0.4, 0, 0.2, 1) 0ms;
  transition: background-color 150ms cubic-bezier(0.4, 0, 0.2, 1) 0ms;
  padding: 12px;
  font-size: 1.75rem;
}

.emotion-3::-moz-focus-inner {
  border-style: none;
}

.emotion-3.Mui-disabled {
  pointer-events: none;
  cursor: default;
}

@media print {
  .emotion-3 {
    -webkit-print-color-adjust: exact;
    color-adjust: exact;
  }
}

.emotion-3:hover {
  background-color: rgba(0, 0, 0, 0.04);
}

@media (hover: none) {
  .emotion-3:hover {
    background-color: transparent;
  }
}

.emotion-3.Mui-disabled {
  background-color: transparent;
  color: rgba(0, 0, 0, 0.26);
}

.emotion-4 {
  -webkit-user-select: none;
  -moz-user-select: none;
  -ms-user-select: none;
  user-select: none;
  width: 1em;
  height: 1em;
  display: inline-block;
  fill: currentColor;
  -webkit-flex-shrink: 0;
  -ms-flex-negative: 0;
  flex-shrink: 0;
  -webkit-transition: fill 200ms cubic-bezier(0.4, 0, 0.2, 1) 0ms;
  transition: fill 200ms cubic-bezier(0.4, 0, 0.2, 1) 0ms;
  font-size: 1.5rem;
}

.emotion-5 {
  overflow: hidden;
  pointer-events: none;
  position: absolute;
  z-index: 0;
  top: 0;
  right: 0;
  bottom: 0;
  left: 0;
  border-radius: inherit;
}

.emotion-6 {
  height: 0;
  overflow: hidden;
  -webkit-transition: height 300ms cubic-bezier(0.4, 0, 0.2, 1) 0ms;
  transition: height 300ms cubic-bezier(0.4, 0, 0.2, 1) 0ms;
  visibility: hidden;
}

.emotion-7 {
  display: -webkit-box;
  display: -webkit-flex;
  display: -ms-flexbox;
  display: flex;
  width: 100%;
}

.emotion-8 {
  width: 100%;
}

.emotion-9 {
  padding: 8px 16px 16px;
}

<div
  class="release-repo-item flexbox"
>
  <div
    class="muted"
  >
    NaN
  </div>
  <div
    class="MuiPaper-root MuiPaper-elevation MuiPaper-elevation1 MuiAccordion-root MuiAccordion-gutters emotion-0"
    style="width: 100%; border: 1px solid; border-color: #e0e0e0;"
  >
    <div
      aria-expanded="false"
      class="MuiButtonBase-root MuiAccordionSummary-root MuiAccordionSummary-gutters emotion-1"
      role="button"
      style="padding: 0px 12px;"
      tabindex="0"
    >
      <div
        class="repo-item MuiAccordionSummary-content MuiAccordionSummary-contentGutters emotion-2"
      >
        <div
          aria-label="test-type"
          class="text-overflow"
          data-mui-internal-clone-element="true"
        >
          test-type
        </div>
        <time
          datetime="2019-01-01T00:00:00+00:00"
        >
          2019-01-01 00:00
        </time>
        <div
          style="max-width: 100vw;"
        />
        <div>
          0 Bytes
        </div>
        <button
          class="MuiButtonBase-root MuiIconButton-root MuiIconButton-sizeLarge expandButton emotion-3"
          tabindex="0"
          type="button"
        >
          <svg
            aria-hidden="true"
            class="MuiSvgIcon-root MuiSvgIcon-fontSizeMedium emotion-4"
            data-testid="ArrowDropDownIcon"
            focusable="false"
            viewBox="0 0 24 24"
          >
            <path
              d="m7 10 5 5 5-5z"
            />
          </svg>
          <span
            class="MuiTouchRipple-root emotion-5"
          />
        </button>
      </div>
    </div>
    <div
      class="MuiCollapse-root MuiCollapse-vertical MuiCollapse-hidden emotion-6"
      style="min-height: 0px;"
    >
      <div
        class="MuiCollapse-wrapper MuiCollapse-vertical emotion-7"
      >
        <div
          class="MuiCollapse-wrapperInner MuiCollapse-vertical emotion-8"
        >
          <div
            class="MuiAccordion-region"
            role="region"
          >
            <div
              class="MuiAccordionDetails-root emotion-9"
            />
          </div>
        </div>
      </div>
    </div>
  </div>
</div>
`;
