// Jest Snapshot v1, https://goo.gl/fbAQLP

exports[`DeploymentDeviceListItem Component renders correctly 1`] = `
@keyframes animation-0 {
  0% {
    left: -35%;
    right: 100%;
  }

  60% {
    left: 100%;
    right: -90%;
  }

  100% {
    left: 100%;
    right: -90%;
  }
}

@keyframes animation-1 {
  0% {
    left: -200%;
    right: 100%;
  }

  60% {
    left: 107%;
    right: -8%;
  }

  100% {
    left: 107%;
    right: -8%;
  }
}

.emotion-0 {
  color: inherit;
  display: table-row;
  vertical-align: middle;
  outline: 0;
}

.emotion-0.MuiTableRow-hover:hover {
  background-color: rgba(0, 0, 0, 0.04);
}

.emotion-0.Mui-selected {
  background-color: rgba(51, 122, 135, 0.08);
}

.emotion-0.Mui-selected:hover {
  background-color: rgba(51, 122, 135, 0.12);
}

.emotion-1 {
  font-family: Lato,sans-serif;
  font-weight: 400;
  font-size: 0.8125rem;
  line-height: 1.43;
  display: table-cell;
  vertical-align: inherit;
  border-bottom: 1px solid rgba(224, 224, 224, 1);
  text-align: left;
  padding: 16px;
  padding: 0px 24px 0px 24px;
  height: 48px;
}

.emotion-7 {
  position: relative;
  overflow: hidden;
  display: block;
  height: 4px;
  z-index: 0;
  background-color: rgb(177, 204, 209);
}

@media print {
  .emotion-7 {
    -webkit-print-color-adjust: exact;
    color-adjust: exact;
  }
}

.emotion-8 {
  width: 100%;
  position: absolute;
  left: 0;
  bottom: 0;
  top: 0;
  -webkit-transition: -webkit-transform 0.2s linear;
  transition: transform 0.2s linear;
  transform-origin: left;
  background-color: #337a87;
  width: auto;
  -webkit-animation: animation-0 2.1s cubic-bezier(0.65, 0.815, 0.735, 0.395) infinite;
  animation: animation-0 2.1s cubic-bezier(0.65, 0.815, 0.735, 0.395) infinite;
}

.emotion-9 {
  width: 100%;
  position: absolute;
  left: 0;
  bottom: 0;
  top: 0;
  -webkit-transition: -webkit-transform 0.2s linear;
  transition: transform 0.2s linear;
  transform-origin: left;
  background-color: #337a87;
  width: auto;
  -webkit-animation: animation-1 2.1s cubic-bezier(0.165, 0.84, 0.44, 1) 1.15s infinite;
  animation: animation-1 2.1s cubic-bezier(0.165, 0.84, 0.44, 1) 1.15s infinite;
}

<tr
  class="MuiTableRow-root emotion-0"
>
  <td
    class="MuiTableCell-root MuiTableCell-sizeMedium emotion-1"
  >
    <a
      href="/devices?id=a1"
      style="font-weight: initial; opacity: 1;"
    >
      <div
        class="flexbox space-between"
      >
        <div>
          a1
        </div>
      </div>
    </a>
  </td>
  <td
    class="MuiTableCell-root MuiTableCell-sizeMedium emotion-1"
  >
    -
  </td>
  <td
    class="MuiTableCell-root MuiTableCell-sizeMedium emotion-1"
  >
    -
  </td>
  <td
    class="MuiTableCell-root MuiTableCell-sizeMedium emotion-1"
  >
    <div
      class=""
    >
      -
    </div>
  </td>
  <td
    class="MuiTableCell-root MuiTableCell-sizeMedium emotion-1"
  >
    <div
      class=""
    >
      -
    </div>
  </td>
  <td
    class="MuiTableCell-root MuiTableCell-sizeMedium emotion-1"
    style="padding-right: 0px; position: relative; min-width: 200px;"
  >
    installing
    <div
      style="position: absolute; bottom: 0px; width: 100%;"
    >
      <span
        class="MuiLinearProgress-root MuiLinearProgress-colorPrimary MuiLinearProgress-indeterminate emotion-7"
        role="progressbar"
      >
        <span
          class="MuiLinearProgress-bar MuiLinearProgress-barColorPrimary MuiLinearProgress-bar1Indeterminate emotion-8"
        />
        <span
          class="MuiLinearProgress-bar MuiLinearProgress-barColorPrimary MuiLinearProgress-bar2Indeterminate emotion-9"
        />
      </span>
    </div>
  </td>
  <td
    class="MuiTableCell-root MuiTableCell-sizeMedium emotion-1"
  />
</tr>
`;
