// Jest Snapshot v1, https://goo.gl/fbAQLP

exports[`DeploymentItem Component renders correctly 1`] = `
<div>
  <span
    class="deployment-item-title muted"
  >
    Release
  </span>
  <div
    class="text-overflow "
    title="test"
  >
    test
  </div>
</div>
`;
