// Jest Snapshot v1, https://goo.gl/fbAQLP

exports[`Deployments Component renders correctly 1`] = `
<div
  class="undefined deployments margin-bottom-large"
>
  <div
    class="loaderContainer"
  >
    <div
      class="  loader"
    >
      <span
        class="dot dot_1"
      />
      <span
        class="dot dot_2"
      />
      <span
        class="dot dot_3"
      />
      <span
        class="dot dot_4"
      />
    </div>
  </div>
</div>
`;
