// Jest Snapshot v1, https://goo.gl/fbAQLP

exports[`ColumnCustomizationDialog Component renders correctly 1`] = `
.emotion-0 {
  position: fixed;
  z-index: 1300;
  right: 0;
  bottom: 0;
  top: 0;
  left: 0;
}

@media print {
  .emotion-0 {
    position: absolute!important;
  }
}

.emotion-1 {
  position: fixed;
  display: -webkit-box;
  display: -webkit-flex;
  display: -ms-flexbox;
  display: flex;
  -webkit-align-items: center;
  -webkit-box-align: center;
  -ms-flex-align: center;
  align-items: center;
  -webkit-box-pack: center;
  -ms-flex-pack: center;
  -webkit-justify-content: center;
  justify-content: center;
  right: 0;
  bottom: 0;
  top: 0;
  left: 0;
  background-color: rgba(0, 0, 0, 0.5);
  -webkit-tap-highlight-color: transparent;
  z-index: -1;
}

.emotion-2 {
  height: 100%;
  outline: 0;
  display: -webkit-box;
  display: -webkit-flex;
  display: -ms-flexbox;
  display: flex;
  -webkit-box-pack: center;
  -ms-flex-pack: center;
  -webkit-justify-content: center;
  justify-content: center;
  -webkit-align-items: center;
  -webkit-box-align: center;
  -ms-flex-align: center;
  align-items: center;
}

@media print {
  .emotion-2 {
    height: auto;
  }
}

.emotion-3 {
  background-color: #fff;
  color: rgba(0, 0, 0, 0.87);
  -webkit-transition: box-shadow 300ms cubic-bezier(0.4, 0, 0.2, 1) 0ms;
  transition: box-shadow 300ms cubic-bezier(0.4, 0, 0.2, 1) 0ms;
  border-radius: 4px;
  box-shadow: 0px 11px 15px -7px rgba(0,0,0,0.2),0px 24px 38px 3px rgba(0,0,0,0.14),0px 9px 46px 8px rgba(0,0,0,0.12);
  margin: 32px;
  position: relative;
  overflow-y: auto;
  display: -webkit-box;
  display: -webkit-flex;
  display: -ms-flexbox;
  display: flex;
  -webkit-flex-direction: column;
  -ms-flex-direction: column;
  flex-direction: column;
  max-height: calc(100% - 64px);
  max-width: 600px;
}

@media print {
  .emotion-3 {
    overflow-y: visible;
    box-shadow: none;
  }
}

@media (max-width:663.95px) {
  .emotion-3.MuiDialog-paperScrollBody {
    max-width: calc(100% - 64px);
  }
}

.emotion-4 {
  margin: 0;
  font-family: "Roboto","Helvetica","Arial",sans-serif;
  font-weight: 500;
  font-size: 1.25rem;
  line-height: 1.6;
  letter-spacing: 0.0075em;
  padding: 16px 24px;
  -webkit-flex: 0 0 auto;
  -ms-flex: 0 0 auto;
  flex: 0 0 auto;
}

.emotion-5 {
  -webkit-flex: 1 1 auto;
  -ms-flex: 1 1 auto;
  flex: 1 1 auto;
  -webkit-overflow-scrolling: touch;
  overflow-y: auto;
  padding: 20px 24px;
}

.MuiDialogTitle-root+.emotion-5 {
  padding-top: 0;
}

.emotion-6 {
  display: -webkit-box;
  display: -webkit-flex;
  display: -ms-flexbox;
  display: flex;
  -webkit-box-pack: start;
  -ms-flex-pack: start;
  -webkit-justify-content: flex-start;
  justify-content: flex-start;
  -webkit-align-items: center;
  -webkit-box-align: center;
  -ms-flex-align: center;
  align-items: center;
  position: relative;
  -webkit-text-decoration: none;
  text-decoration: none;
  width: 100%;
  box-sizing: border-box;
  text-align: left;
  padding-top: 8px;
  padding-bottom: 8px;
  padding-left: 16px;
  padding-right: 16px;
}

.emotion-6.Mui-focusVisible {
  background-color: rgba(0, 0, 0, 0.12);
}

.emotion-6.Mui-selected {
  background-color: rgba(25, 118, 210, 0.08);
}

.emotion-6.Mui-selected.Mui-focusVisible {
  background-color: rgba(25, 118, 210, 0.2);
}

.emotion-6.Mui-disabled {
  opacity: 0.38;
}

.emotion-7 {
  -webkit-user-select: none;
  -moz-user-select: none;
  -ms-user-select: none;
  user-select: none;
  width: 1em;
  height: 1em;
  display: inline-block;
  fill: currentColor;
  -webkit-flex-shrink: 0;
  -ms-flex-negative: 0;
  flex-shrink: 0;
  -webkit-transition: fill 200ms cubic-bezier(0.4, 0, 0.2, 1) 0ms;
  transition: fill 200ms cubic-bezier(0.4, 0, 0.2, 1) 0ms;
  font-size: 1.5rem;
}

.emotion-8 {
  display: -webkit-inline-box;
  display: -webkit-inline-flex;
  display: -ms-inline-flexbox;
  display: inline-flex;
  -webkit-align-items: center;
  -webkit-box-align: center;
  -ms-flex-align: center;
  align-items: center;
  -webkit-box-pack: center;
  -ms-flex-pack: center;
  -webkit-justify-content: center;
  justify-content: center;
  position: relative;
  box-sizing: border-box;
  -webkit-tap-highlight-color: transparent;
  background-color: transparent;
  outline: 0;
  border: 0;
  margin: 0;
  border-radius: 0;
  padding: 0;
  cursor: pointer;
  -webkit-user-select: none;
  -moz-user-select: none;
  -ms-user-select: none;
  user-select: none;
  vertical-align: middle;
  -moz-appearance: none;
  -webkit-appearance: none;
  -webkit-text-decoration: none;
  text-decoration: none;
  color: inherit;
  text-align: center;
  -webkit-flex: 0 0 auto;
  -ms-flex: 0 0 auto;
  flex: 0 0 auto;
  font-size: 1.5rem;
  padding: 8px;
  border-radius: 50%;
  overflow: visible;
  color: rgba(0, 0, 0, 0.54);
  -webkit-transition: background-color 150ms cubic-bezier(0.4, 0, 0.2, 1) 0ms;
  transition: background-color 150ms cubic-bezier(0.4, 0, 0.2, 1) 0ms;
  padding: 5px;
  font-size: 1.125rem;
}

.emotion-8::-moz-focus-inner {
  border-style: none;
}

.emotion-8.Mui-disabled {
  pointer-events: none;
  cursor: default;
}

@media print {
  .emotion-8 {
    -webkit-print-color-adjust: exact;
    color-adjust: exact;
  }
}

.emotion-8:hover {
  background-color: rgba(0, 0, 0, 0.04);
}

@media (hover: none) {
  .emotion-8:hover {
    background-color: transparent;
  }
}

.emotion-8.Mui-disabled {
  background-color: transparent;
  color: rgba(0, 0, 0, 0.26);
}

.emotion-9 {
  -webkit-user-select: none;
  -moz-user-select: none;
  -ms-user-select: none;
  user-select: none;
  width: 1em;
  height: 1em;
  display: inline-block;
  fill: currentColor;
  -webkit-flex-shrink: 0;
  -ms-flex-negative: 0;
  flex-shrink: 0;
  -webkit-transition: fill 200ms cubic-bezier(0.4, 0, 0.2, 1) 0ms;
  transition: fill 200ms cubic-bezier(0.4, 0, 0.2, 1) 0ms;
  font-size: 1.5rem;
  color: rgba(0, 0, 0, 0.26);
}

.emotion-10 {
  overflow: hidden;
  pointer-events: none;
  position: absolute;
  z-index: 0;
  top: 0;
  right: 0;
  bottom: 0;
  left: 0;
  border-radius: inherit;
}

.emotion-21 {
  display: -webkit-inline-box;
  display: -webkit-inline-flex;
  display: -ms-inline-flexbox;
  display: inline-flex;
  -webkit-flex-direction: column;
  -ms-flex-direction: column;
  flex-direction: column;
  position: relative;
  min-width: 0;
  padding: 0;
  margin: 0;
  border: 0;
  vertical-align: top;
}

.emotion-22.Mui-focused .MuiAutocomplete-clearIndicator {
  visibility: visible;
}

@media (pointer: fine) {
  .emotion-22:hover .MuiAutocomplete-clearIndicator {
    visibility: visible;
  }
}

.emotion-22 .MuiAutocomplete-tag {
  margin: 3px;
  max-width: calc(100% - 6px);
}

.emotion-22 .MuiAutocomplete-inputRoot {
  -webkit-box-flex-wrap: wrap;
  -webkit-flex-wrap: wrap;
  -ms-flex-wrap: wrap;
  flex-wrap: wrap;
}

.MuiAutocomplete-hasPopupIcon.emotion-22 .MuiAutocomplete-inputRoot,
.MuiAutocomplete-hasClearIcon.emotion-22 .MuiAutocomplete-inputRoot {
  padding-right: 30px;
}

.MuiAutocomplete-hasPopupIcon.MuiAutocomplete-hasClearIcon.emotion-22 .MuiAutocomplete-inputRoot {
  padding-right: 56px;
}

.emotion-22 .MuiAutocomplete-inputRoot .MuiAutocomplete-input {
  width: 0;
  min-width: 30px;
}

.emotion-22 .MuiInput-root {
  padding-bottom: 1px;
}

.emotion-22 .MuiInput-root .MuiInput-input {
  padding: 4px 4px 4px 0px;
}

.emotion-22 .MuiInput-root.MuiInputBase-sizeSmall .MuiInput-input {
  padding: 2px 4px 3px 0;
}

.emotion-22 .MuiOutlinedInput-root {
  padding: 9px;
}

.MuiAutocomplete-hasPopupIcon.emotion-22 .MuiOutlinedInput-root,
.MuiAutocomplete-hasClearIcon.emotion-22 .MuiOutlinedInput-root {
  padding-right: 39px;
}

.MuiAutocomplete-hasPopupIcon.MuiAutocomplete-hasClearIcon.emotion-22 .MuiOutlinedInput-root {
  padding-right: 65px;
}

.emotion-22 .MuiOutlinedInput-root .MuiAutocomplete-input {
  padding: 7.5px 4px 7.5px 6px;
}

.emotion-22 .MuiOutlinedInput-root .MuiAutocomplete-endAdornment {
  right: 9px;
}

.emotion-22 .MuiOutlinedInput-root.MuiInputBase-sizeSmall {
  padding: 6px;
}

.emotion-22 .MuiOutlinedInput-root.MuiInputBase-sizeSmall .MuiAutocomplete-input {
  padding: 2.5px 4px 2.5px 6px;
}

.emotion-22 .MuiFilledInput-root {
  padding-top: 19px;
  padding-left: 8px;
}

.MuiAutocomplete-hasPopupIcon.emotion-22 .MuiFilledInput-root,
.MuiAutocomplete-hasClearIcon.emotion-22 .MuiFilledInput-root {
  padding-right: 39px;
}

.MuiAutocomplete-hasPopupIcon.MuiAutocomplete-hasClearIcon.emotion-22 .MuiFilledInput-root {
  padding-right: 65px;
}

.emotion-22 .MuiFilledInput-root .MuiFilledInput-input {
  padding: 7px 4px;
}

.emotion-22 .MuiFilledInput-root .MuiAutocomplete-endAdornment {
  right: 9px;
}

.emotion-22 .MuiFilledInput-root.MuiInputBase-sizeSmall {
  padding-bottom: 1px;
}

.emotion-22 .MuiFilledInput-root.MuiInputBase-sizeSmall .MuiFilledInput-input {
  padding: 2.5px 4px;
}

.emotion-22 .MuiInputBase-hiddenLabel {
  padding-top: 8px;
}

.emotion-22 .MuiAutocomplete-input {
  -webkit-box-flex: 1;
  -webkit-flex-grow: 1;
  -ms-flex-positive: 1;
  flex-grow: 1;
  text-overflow: ellipsis;
  opacity: 1;
}

.emotion-23 {
  display: -webkit-inline-box;
  display: -webkit-inline-flex;
  display: -ms-inline-flexbox;
  display: inline-flex;
  -webkit-flex-direction: column;
  -ms-flex-direction: column;
  flex-direction: column;
  position: relative;
  min-width: 0;
  padding: 0;
  margin: 0;
  border: 0;
  vertical-align: top;
  width: 100%;
}

.emotion-24 {
  color: rgba(0, 0, 0, 0.6);
  font-family: "Roboto","Helvetica","Arial",sans-serif;
  font-weight: 400;
  font-size: 1rem;
  line-height: 1.4375em;
  letter-spacing: 0.00938em;
  padding: 0;
  position: relative;
  display: block;
  transform-origin: top left;
  white-space: nowrap;
  overflow: hidden;
  text-overflow: ellipsis;
  max-width: calc(100% - 24px);
  position: absolute;
  left: 0;
  top: 0;
  -webkit-transform: translate(14px, 16px) scale(1);
  -moz-transform: translate(14px, 16px) scale(1);
  -ms-transform: translate(14px, 16px) scale(1);
  transform: translate(14px, 16px) scale(1);
  -webkit-transition: color 200ms cubic-bezier(0.0, 0, 0.2, 1) 0ms,-webkit-transform 200ms cubic-bezier(0.0, 0, 0.2, 1) 0ms,max-width 200ms cubic-bezier(0.0, 0, 0.2, 1) 0ms;
  transition: color 200ms cubic-bezier(0.0, 0, 0.2, 1) 0ms,transform 200ms cubic-bezier(0.0, 0, 0.2, 1) 0ms,max-width 200ms cubic-bezier(0.0, 0, 0.2, 1) 0ms;
  z-index: 1;
  pointer-events: none;
}

.emotion-24.Mui-focused {
  color: #1976d2;
}

.emotion-24.Mui-disabled {
  color: rgba(0, 0, 0, 0.38);
}

.emotion-24.Mui-error {
  color: #d32f2f;
}

.emotion-25 {
  font-family: "Roboto","Helvetica","Arial",sans-serif;
  font-weight: 400;
  font-size: 1rem;
  line-height: 1.4375em;
  letter-spacing: 0.00938em;
  color: rgba(0, 0, 0, 0.87);
  box-sizing: border-box;
  position: relative;
  cursor: text;
  display: -webkit-inline-box;
  display: -webkit-inline-flex;
  display: -ms-inline-flexbox;
  display: inline-flex;
  -webkit-align-items: center;
  -webkit-box-align: center;
  -ms-flex-align: center;
  align-items: center;
  width: 100%;
  position: relative;
  border-radius: 4px;
  padding-right: 14px;
}

.emotion-25.Mui-disabled {
  color: rgba(0, 0, 0, 0.38);
  cursor: default;
}

.emotion-25:hover .MuiOutlinedInput-notchedOutline {
  border-color: rgba(0, 0, 0, 0.87);
}

@media (hover: none) {
  .emotion-25:hover .MuiOutlinedInput-notchedOutline {
    border-color: rgba(0, 0, 0, 0.23);
  }
}

.emotion-25.Mui-focused .MuiOutlinedInput-notchedOutline {
  border-color: #1976d2;
  border-width: 2px;
}

.emotion-25.Mui-error .MuiOutlinedInput-notchedOutline {
  border-color: #d32f2f;
}

.emotion-25.Mui-disabled .MuiOutlinedInput-notchedOutline {
  border-color: rgba(0, 0, 0, 0.26);
}

.emotion-26 {
  font: inherit;
  letter-spacing: inherit;
  color: currentColor;
  padding: 4px 0 5px;
  border: 0;
  box-sizing: content-box;
  background: none;
  height: 1.4375em;
  margin: 0;
  -webkit-tap-highlight-color: transparent;
  display: block;
  min-width: 0;
  width: 100%;
  -webkit-animation-name: mui-auto-fill-cancel;
  animation-name: mui-auto-fill-cancel;
  -webkit-animation-duration: 10ms;
  animation-duration: 10ms;
  padding: 16.5px 14px;
  padding-right: 0;
}

.emotion-26::-webkit-input-placeholder {
  color: currentColor;
  opacity: 0.42;
  -webkit-transition: opacity 200ms cubic-bezier(0.4, 0, 0.2, 1) 0ms;
  transition: opacity 200ms cubic-bezier(0.4, 0, 0.2, 1) 0ms;
}

.emotion-26::-moz-placeholder {
  color: currentColor;
  opacity: 0.42;
  -webkit-transition: opacity 200ms cubic-bezier(0.4, 0, 0.2, 1) 0ms;
  transition: opacity 200ms cubic-bezier(0.4, 0, 0.2, 1) 0ms;
}

.emotion-26:-ms-input-placeholder {
  color: currentColor;
  opacity: 0.42;
  -webkit-transition: opacity 200ms cubic-bezier(0.4, 0, 0.2, 1) 0ms;
  transition: opacity 200ms cubic-bezier(0.4, 0, 0.2, 1) 0ms;
}

.emotion-26::-ms-input-placeholder {
  color: currentColor;
  opacity: 0.42;
  -webkit-transition: opacity 200ms cubic-bezier(0.4, 0, 0.2, 1) 0ms;
  transition: opacity 200ms cubic-bezier(0.4, 0, 0.2, 1) 0ms;
}

.emotion-26:focus {
  outline: 0;
}

.emotion-26:invalid {
  box-shadow: none;
}

.emotion-26::-webkit-search-decoration {
  -webkit-appearance: none;
}

label[data-shrink=false]+.MuiInputBase-formControl .emotion-26::-webkit-input-placeholder {
  opacity: 0!important;
}

label[data-shrink=false]+.MuiInputBase-formControl .emotion-26::-moz-placeholder {
  opacity: 0!important;
}

label[data-shrink=false]+.MuiInputBase-formControl .emotion-26:-ms-input-placeholder {
  opacity: 0!important;
}

label[data-shrink=false]+.MuiInputBase-formControl .emotion-26::-ms-input-placeholder {
  opacity: 0!important;
}

label[data-shrink=false]+.MuiInputBase-formControl .emotion-26:focus::-webkit-input-placeholder {
  opacity: 0.42;
}

label[data-shrink=false]+.MuiInputBase-formControl .emotion-26:focus::-moz-placeholder {
  opacity: 0.42;
}

label[data-shrink=false]+.MuiInputBase-formControl .emotion-26:focus:-ms-input-placeholder {
  opacity: 0.42;
}

label[data-shrink=false]+.MuiInputBase-formControl .emotion-26:focus::-ms-input-placeholder {
  opacity: 0.42;
}

.emotion-26.Mui-disabled {
  opacity: 1;
  -webkit-text-fill-color: rgba(0, 0, 0, 0.38);
}

.emotion-26:-webkit-autofill {
  -webkit-animation-duration: 5000s;
  animation-duration: 5000s;
  -webkit-animation-name: mui-auto-fill;
  animation-name: mui-auto-fill;
}

.emotion-26:-webkit-autofill {
  border-radius: inherit;
}

.emotion-27 {
  position: absolute;
  right: 0;
  top: calc(50% - 14px);
}

.emotion-28 {
  display: -webkit-inline-box;
  display: -webkit-inline-flex;
  display: -ms-inline-flexbox;
  display: inline-flex;
  -webkit-align-items: center;
  -webkit-box-align: center;
  -ms-flex-align: center;
  align-items: center;
  -webkit-box-pack: center;
  -ms-flex-pack: center;
  -webkit-justify-content: center;
  justify-content: center;
  position: relative;
  box-sizing: border-box;
  -webkit-tap-highlight-color: transparent;
  background-color: transparent;
  outline: 0;
  border: 0;
  margin: 0;
  border-radius: 0;
  padding: 0;
  cursor: pointer;
  -webkit-user-select: none;
  -moz-user-select: none;
  -ms-user-select: none;
  user-select: none;
  vertical-align: middle;
  -moz-appearance: none;
  -webkit-appearance: none;
  -webkit-text-decoration: none;
  text-decoration: none;
  color: inherit;
  text-align: center;
  -webkit-flex: 0 0 auto;
  -ms-flex: 0 0 auto;
  flex: 0 0 auto;
  font-size: 1.5rem;
  padding: 8px;
  border-radius: 50%;
  overflow: visible;
  color: rgba(0, 0, 0, 0.54);
  -webkit-transition: background-color 150ms cubic-bezier(0.4, 0, 0.2, 1) 0ms;
  transition: background-color 150ms cubic-bezier(0.4, 0, 0.2, 1) 0ms;
  margin-right: -2px;
  padding: 4px;
  visibility: hidden;
}

.emotion-28::-moz-focus-inner {
  border-style: none;
}

.emotion-28.Mui-disabled {
  pointer-events: none;
  cursor: default;
}

@media print {
  .emotion-28 {
    -webkit-print-color-adjust: exact;
    color-adjust: exact;
  }
}

.emotion-28:hover {
  background-color: rgba(0, 0, 0, 0.04);
}

@media (hover: none) {
  .emotion-28:hover {
    background-color: transparent;
  }
}

.emotion-28.Mui-disabled {
  background-color: transparent;
  color: rgba(0, 0, 0, 0.26);
}

.emotion-29 {
  -webkit-user-select: none;
  -moz-user-select: none;
  -ms-user-select: none;
  user-select: none;
  width: 1em;
  height: 1em;
  display: inline-block;
  fill: currentColor;
  -webkit-flex-shrink: 0;
  -ms-flex-negative: 0;
  flex-shrink: 0;
  -webkit-transition: fill 200ms cubic-bezier(0.4, 0, 0.2, 1) 0ms;
  transition: fill 200ms cubic-bezier(0.4, 0, 0.2, 1) 0ms;
  font-size: 1.25rem;
}

.emotion-31 {
  text-align: left;
  position: absolute;
  bottom: 0;
  right: 0;
  top: -5px;
  left: 0;
  margin: 0;
  padding: 0 8px;
  pointer-events: none;
  border-radius: inherit;
  border-style: solid;
  border-width: 1px;
  overflow: hidden;
  min-width: 0%;
  border-color: rgba(0, 0, 0, 0.23);
}

.emotion-32 {
  float: unset;
  overflow: hidden;
  display: block;
  width: auto;
  padding: 0;
  height: 11px;
  font-size: 0.75em;
  visibility: hidden;
  max-width: 0.01px;
  -webkit-transition: max-width 50ms cubic-bezier(0.0, 0, 0.2, 1) 0ms;
  transition: max-width 50ms cubic-bezier(0.0, 0, 0.2, 1) 0ms;
  white-space: nowrap;
}

.emotion-32>span {
  padding-left: 5px;
  padding-right: 5px;
  display: inline-block;
}

.emotion-33 {
  display: -webkit-box;
  display: -webkit-flex;
  display: -ms-flexbox;
  display: flex;
  -webkit-align-items: center;
  -webkit-box-align: center;
  -ms-flex-align: center;
  align-items: center;
  padding: 8px;
  -webkit-box-pack: end;
  -ms-flex-pack: end;
  -webkit-justify-content: flex-end;
  justify-content: flex-end;
  -webkit-flex: 0 0 auto;
  -ms-flex: 0 0 auto;
  flex: 0 0 auto;
}

.emotion-33>:not(:first-of-type) {
  margin-left: 8px;
}

.emotion-34 {
  display: -webkit-inline-box;
  display: -webkit-inline-flex;
  display: -ms-inline-flexbox;
  display: inline-flex;
  -webkit-align-items: center;
  -webkit-box-align: center;
  -ms-flex-align: center;
  align-items: center;
  -webkit-box-pack: center;
  -ms-flex-pack: center;
  -webkit-justify-content: center;
  justify-content: center;
  position: relative;
  box-sizing: border-box;
  -webkit-tap-highlight-color: transparent;
  background-color: transparent;
  outline: 0;
  border: 0;
  margin: 0;
  border-radius: 0;
  padding: 0;
  cursor: pointer;
  -webkit-user-select: none;
  -moz-user-select: none;
  -ms-user-select: none;
  user-select: none;
  vertical-align: middle;
  -moz-appearance: none;
  -webkit-appearance: none;
  -webkit-text-decoration: none;
  text-decoration: none;
  color: inherit;
  font-family: "Roboto","Helvetica","Arial",sans-serif;
  font-weight: 500;
  font-size: 0.875rem;
  line-height: 1.75;
  letter-spacing: 0.02857em;
  text-transform: uppercase;
  min-width: 64px;
  padding: 6px 8px;
  border-radius: 4px;
  -webkit-transition: background-color 250ms cubic-bezier(0.4, 0, 0.2, 1) 0ms,box-shadow 250ms cubic-bezier(0.4, 0, 0.2, 1) 0ms,border-color 250ms cubic-bezier(0.4, 0, 0.2, 1) 0ms,color 250ms cubic-bezier(0.4, 0, 0.2, 1) 0ms;
  transition: background-color 250ms cubic-bezier(0.4, 0, 0.2, 1) 0ms,box-shadow 250ms cubic-bezier(0.4, 0, 0.2, 1) 0ms,border-color 250ms cubic-bezier(0.4, 0, 0.2, 1) 0ms,color 250ms cubic-bezier(0.4, 0, 0.2, 1) 0ms;
  color: #1976d2;
}

.emotion-34::-moz-focus-inner {
  border-style: none;
}

.emotion-34.Mui-disabled {
  pointer-events: none;
  cursor: default;
}

@media print {
  .emotion-34 {
    -webkit-print-color-adjust: exact;
    color-adjust: exact;
  }
}

.emotion-34:hover {
  -webkit-text-decoration: none;
  text-decoration: none;
  background-color: rgba(25, 118, 210, 0.04);
}

@media (hover: none) {
  .emotion-34:hover {
    background-color: transparent;
  }
}

.emotion-34.Mui-disabled {
  color: rgba(0, 0, 0, 0.26);
}

.emotion-36 {
  display: -webkit-inline-box;
  display: -webkit-inline-flex;
  display: -ms-inline-flexbox;
  display: inline-flex;
  -webkit-align-items: center;
  -webkit-box-align: center;
  -ms-flex-align: center;
  align-items: center;
  -webkit-box-pack: center;
  -ms-flex-pack: center;
  -webkit-justify-content: center;
  justify-content: center;
  position: relative;
  box-sizing: border-box;
  -webkit-tap-highlight-color: transparent;
  background-color: transparent;
  outline: 0;
  border: 0;
  margin: 0;
  border-radius: 0;
  padding: 0;
  cursor: pointer;
  -webkit-user-select: none;
  -moz-user-select: none;
  -ms-user-select: none;
  user-select: none;
  vertical-align: middle;
  -moz-appearance: none;
  -webkit-appearance: none;
  -webkit-text-decoration: none;
  text-decoration: none;
  color: inherit;
  font-family: "Roboto","Helvetica","Arial",sans-serif;
  font-weight: 500;
  font-size: 0.875rem;
  line-height: 1.75;
  letter-spacing: 0.02857em;
  text-transform: uppercase;
  min-width: 64px;
  padding: 6px 16px;
  border-radius: 4px;
  -webkit-transition: background-color 250ms cubic-bezier(0.4, 0, 0.2, 1) 0ms,box-shadow 250ms cubic-bezier(0.4, 0, 0.2, 1) 0ms,border-color 250ms cubic-bezier(0.4, 0, 0.2, 1) 0ms,color 250ms cubic-bezier(0.4, 0, 0.2, 1) 0ms;
  transition: background-color 250ms cubic-bezier(0.4, 0, 0.2, 1) 0ms,box-shadow 250ms cubic-bezier(0.4, 0, 0.2, 1) 0ms,border-color 250ms cubic-bezier(0.4, 0, 0.2, 1) 0ms,color 250ms cubic-bezier(0.4, 0, 0.2, 1) 0ms;
  color: #fff;
  background-color: #9c27b0;
  box-shadow: 0px 3px 1px -2px rgba(0,0,0,0.2),0px 2px 2px 0px rgba(0,0,0,0.14),0px 1px 5px 0px rgba(0,0,0,0.12);
}

.emotion-36::-moz-focus-inner {
  border-style: none;
}

.emotion-36.Mui-disabled {
  pointer-events: none;
  cursor: default;
}

@media print {
  .emotion-36 {
    -webkit-print-color-adjust: exact;
    color-adjust: exact;
  }
}

.emotion-36:hover {
  -webkit-text-decoration: none;
  text-decoration: none;
  background-color: #7b1fa2;
  box-shadow: 0px 2px 4px -1px rgba(0,0,0,0.2),0px 4px 5px 0px rgba(0,0,0,0.14),0px 1px 10px 0px rgba(0,0,0,0.12);
}

@media (hover: none) {
  .emotion-36:hover {
    background-color: #9c27b0;
  }
}

.emotion-36:active {
  box-shadow: 0px 5px 5px -3px rgba(0,0,0,0.2),0px 8px 10px 1px rgba(0,0,0,0.14),0px 3px 14px 2px rgba(0,0,0,0.12);
}

.emotion-36.Mui-focusVisible {
  box-shadow: 0px 3px 5px -1px rgba(0,0,0,0.2),0px 6px 10px 0px rgba(0,0,0,0.14),0px 1px 18px 0px rgba(0,0,0,0.12);
}

.emotion-36.Mui-disabled {
  color: rgba(0, 0, 0, 0.26);
  box-shadow: none;
  background-color: rgba(0, 0, 0, 0.12);
}

<div
  class="MuiModal-root MuiDialog-root emotion-0"
  role="presentation"
>
  <div
    aria-hidden="true"
    class="MuiBackdrop-root emotion-1"
    style="opacity: 1; webkit-transition: opacity 225ms cubic-bezier(0.4, 0, 0.2, 1) 0ms; transition: opacity 225ms cubic-bezier(0.4, 0, 0.2, 1) 0ms;"
  />
  <div
    data-test="sentinelStart"
    tabindex="0"
  />
  <div
    class="MuiDialog-container MuiDialog-scrollPaper emotion-2"
    role="presentation"
    style="opacity: 1; webkit-transition: opacity 225ms cubic-bezier(0.4, 0, 0.2, 1) 0ms; transition: opacity 225ms cubic-bezier(0.4, 0, 0.2, 1) 0ms;"
    tabindex="-1"
  >
    <div
      aria-labelledby="mui-1"
      class="MuiPaper-root MuiPaper-elevation MuiPaper-rounded MuiPaper-elevation24 MuiDialog-paper MuiDialog-paperScrollPaper MuiDialog-paperWidthSm emotion-3"
      role="dialog"
    >
      <h2
        class="MuiTypography-root MuiTypography-h6 MuiDialogTitle-root emotion-4"
        id="mui-1"
      >
        Customize Columns
      </h2>
      <div
        class="MuiDialogContent-root emotion-5"
      >
        <p>
          You can select up to 5 columns of inventory data to display in the device list table. Drag to change the order.
        </p>
        <div
          data-rbd-droppable-context-id="0"
          data-rbd-droppable-id="droppable-list"
        >
          <li
            class="MuiListItem-root MuiListItem-gutters MuiListItem-padding flexbox space-between margin-right-large emotion-6"
            data-rbd-draggable-context-id="0"
            data-rbd-draggable-id="device_type"
          >
            <div>
              Device type
            </div>
            <div
              class="flexbox space-between"
              style="width: 80px;"
            >
              <div
                aria-describedby="rbd-hidden-text-0-hidden-text-0"
                class="flexbox centered"
                data-rbd-drag-handle-context-id="0"
                data-rbd-drag-handle-draggable-id="device_type"
                draggable="false"
                role="button"
                tabindex="0"
              >
                <svg
                  aria-hidden="true"
                  class="MuiSvgIcon-root MuiSvgIcon-fontSizeMedium emotion-7"
                  data-testid="DragHandleIcon"
                  focusable="false"
                  viewBox="0 0 24 24"
                >
                  <path
                    d="M20 9H4v2h16V9zM4 15h16v-2H4v2z"
                  />
                </svg>
              </div>
              <button
                class="MuiButtonBase-root MuiIconButton-root MuiIconButton-sizeSmall emotion-8"
                tabindex="0"
                type="button"
              >
                <svg
                  aria-hidden="true"
                  class="MuiSvgIcon-root MuiSvgIcon-colorDisabled MuiSvgIcon-fontSizeMedium emotion-9"
                  data-testid="ClearIcon"
                  focusable="false"
                  viewBox="0 0 24 24"
                >
                  <path
                    d="M19 6.41 17.59 5 12 10.59 6.41 5 5 6.41 10.59 12 5 17.59 6.41 19 12 13.41 17.59 19 19 17.59 13.41 12z"
                  />
                </svg>
                <span
                  class="MuiTouchRipple-root emotion-10"
                />
              </button>
            </div>
          </li>
          <li
            class="MuiListItem-root MuiListItem-gutters MuiListItem-padding flexbox space-between margin-right-large emotion-6"
            data-rbd-draggable-context-id="0"
            data-rbd-draggable-id="rootfs-image.version"
          >
            <div>
              Current software
            </div>
            <div
              class="flexbox space-between"
              style="width: 80px;"
            >
              <div
                aria-describedby="rbd-hidden-text-0-hidden-text-0"
                class="flexbox centered"
                data-rbd-drag-handle-context-id="0"
                data-rbd-drag-handle-draggable-id="rootfs-image.version"
                draggable="false"
                role="button"
                tabindex="0"
              >
                <svg
                  aria-hidden="true"
                  class="MuiSvgIcon-root MuiSvgIcon-fontSizeMedium emotion-7"
                  data-testid="DragHandleIcon"
                  focusable="false"
                  viewBox="0 0 24 24"
                >
                  <path
                    d="M20 9H4v2h16V9zM4 15h16v-2H4v2z"
                  />
                </svg>
              </div>
              <button
                class="MuiButtonBase-root MuiIconButton-root MuiIconButton-sizeSmall emotion-8"
                tabindex="0"
                type="button"
              >
                <svg
                  aria-hidden="true"
                  class="MuiSvgIcon-root MuiSvgIcon-colorDisabled MuiSvgIcon-fontSizeMedium emotion-9"
                  data-testid="ClearIcon"
                  focusable="false"
                  viewBox="0 0 24 24"
                >
                  <path
                    d="M19 6.41 17.59 5 12 10.59 6.41 5 5 6.41 10.59 12 5 17.59 6.41 19 12 13.41 17.59 19 19 17.59 13.41 12z"
                  />
                </svg>
                <span
                  class="MuiTouchRipple-root emotion-10"
                />
              </button>
            </div>
          </li>
          <li
            class="MuiListItem-root MuiListItem-gutters MuiListItem-padding flexbox space-between margin-right-large emotion-6"
            data-rbd-draggable-context-id="0"
            data-rbd-draggable-id="updated_ts"
          >
            <div>
              Last check-in
            </div>
            <div
              class="flexbox space-between"
              style="width: 80px;"
            >
              <div
                aria-describedby="rbd-hidden-text-0-hidden-text-0"
                class="flexbox centered"
                data-rbd-drag-handle-context-id="0"
                data-rbd-drag-handle-draggable-id="updated_ts"
                draggable="false"
                role="button"
                tabindex="0"
              >
                <svg
                  aria-hidden="true"
                  class="MuiSvgIcon-root MuiSvgIcon-fontSizeMedium emotion-7"
                  data-testid="DragHandleIcon"
                  focusable="false"
                  viewBox="0 0 24 24"
                >
                  <path
                    d="M20 9H4v2h16V9zM4 15h16v-2H4v2z"
                  />
                </svg>
              </div>
              <button
                class="MuiButtonBase-root MuiIconButton-root MuiIconButton-sizeSmall emotion-8"
                tabindex="0"
                type="button"
              >
                <svg
                  aria-hidden="true"
                  class="MuiSvgIcon-root MuiSvgIcon-colorDisabled MuiSvgIcon-fontSizeMedium emotion-9"
                  data-testid="ClearIcon"
                  focusable="false"
                  viewBox="0 0 24 24"
                >
                  <path
                    d="M19 6.41 17.59 5 12 10.59 6.41 5 5 6.41 10.59 12 5 17.59 6.41 19 12 13.41 17.59 19 19 17.59 13.41 12z"
                  />
                </svg>
                <span
                  class="MuiTouchRipple-root emotion-10"
                />
              </button>
            </div>
          </li>
        </div>
        <div
          class="MuiFormControl-root emotion-21"
        >
          <div
            class="MuiAutocomplete-root MuiAutocomplete-hasClearIcon emotion-22"
          >
            <div
              class="MuiFormControl-root MuiFormControl-fullWidth MuiTextField-root emotion-23"
              style="margin-top: 0px; margin-bottom: 15px;"
            >
              <label
                class="MuiInputLabel-root MuiInputLabel-formControl MuiInputLabel-animated MuiInputLabel-outlined MuiFormLabel-root MuiFormLabel-colorPrimary emotion-24"
                data-shrink="false"
                for="filter-selection"
                id="filter-selection-label"
              >
                Add a column
              </label>
              <div
                class="MuiOutlinedInput-root MuiInputBase-root MuiInputBase-colorPrimary MuiInputBase-fullWidth MuiInputBase-formControl MuiInputBase-adornedEnd MuiAutocomplete-inputRoot emotion-25"
              >
                <input
                  aria-autocomplete="both"
                  aria-expanded="false"
                  aria-invalid="false"
                  autocapitalize="none"
                  autocomplete="off"
                  class="MuiOutlinedInput-input MuiInputBase-input MuiInputBase-inputAdornedEnd MuiAutocomplete-input MuiAutocomplete-inputFocused emotion-26"
                  id="filter-selection"
                  role="combobox"
                  spellcheck="false"
                  type="text"
                  value=""
                />
                <div
                  class="MuiAutocomplete-endAdornment emotion-27"
                >
                  <button
                    aria-label="Clear"
                    class="MuiButtonBase-root MuiIconButton-root MuiIconButton-sizeMedium MuiAutocomplete-clearIndicator emotion-28"
                    tabindex="-1"
                    title="Clear"
                    type="button"
                  >
                    <svg
                      aria-hidden="true"
                      class="MuiSvgIcon-root MuiSvgIcon-fontSizeSmall emotion-29"
                      data-testid="CloseIcon"
                      focusable="false"
                      viewBox="0 0 24 24"
                    >
                      <path
                        d="M19 6.41L17.59 5 12 10.59 6.41 5 5 6.41 10.59 12 5 17.59 6.41 19 12 13.41 17.59 19 19 17.59 13.41 12z"
                      />
                    </svg>
                    <span
                      class="MuiTouchRipple-root emotion-10"
                    />
                  </button>
                </div>
                <fieldset
                  aria-hidden="true"
                  class="MuiOutlinedInput-notchedOutline emotion-31"
                >
                  <legend
                    class="emotion-32"
                  >
                    <span>
                      Add a column
                    </span>
                  </legend>
                </fieldset>
              </div>
            </div>
          </div>
        </div>
      </div>
      <div
        class="MuiDialogActions-root MuiDialogActions-spacing space-between emotion-33"
      >
        <button
          class="MuiButton-root MuiButton-text MuiButton-textPrimary MuiButton-sizeMedium MuiButton-textSizeMedium MuiButtonBase-root  emotion-34"
          tabindex="0"
          type="button"
        >
          Cancel
          <span
            class="MuiTouchRipple-root emotion-10"
          />
        </button>
        <button
          class="MuiButton-root MuiButton-contained MuiButton-containedSecondary MuiButton-sizeMedium MuiButton-containedSizeMedium MuiButtonBase-root  emotion-36"
          tabindex="0"
          type="button"
        >
          Save
          <span
            class="MuiTouchRipple-root emotion-10"
          />
        </button>
      </div>
    </div>
  </div>
  <div
    data-test="sentinelEnd"
    tabindex="0"
  />
</div>
`;
