// Jest Snapshot v1, https://goo.gl/fbAQLP

exports[`Filters Component renders correctly 1`] = `
.emotion-0 {
  height: auto;
  overflow: visible;
  -webkit-transition: height 300ms cubic-bezier(0.4, 0, 0.2, 1) 0ms;
  transition: height 300ms cubic-bezier(0.4, 0, 0.2, 1) 0ms;
}

.emotion-1 {
  display: -webkit-box;
  display: -webkit-flex;
  display: -ms-flexbox;
  display: flex;
  width: 100%;
}

.emotion-2 {
  width: 100%;
}

.emotion-3.Mui-focused .MuiAutocomplete-clearIndicator {
  visibility: visible;
}

@media (pointer: fine) {
  .emotion-3:hover .MuiAutocomplete-clearIndicator {
    visibility: visible;
  }
}

.emotion-3 .MuiAutocomplete-tag {
  margin: 3px;
  max-width: calc(100% - 6px);
}

.emotion-3 .MuiAutocomplete-inputRoot {
  -webkit-box-flex-wrap: wrap;
  -webkit-flex-wrap: wrap;
  -ms-flex-wrap: wrap;
  flex-wrap: wrap;
}

.MuiAutocomplete-hasPopupIcon.emotion-3 .MuiAutocomplete-inputRoot,
.MuiAutocomplete-hasClearIcon.emotion-3 .MuiAutocomplete-inputRoot {
  padding-right: 30px;
}

.MuiAutocomplete-hasPopupIcon.MuiAutocomplete-hasClearIcon.emotion-3 .MuiAutocomplete-inputRoot {
  padding-right: 56px;
}

.emotion-3 .MuiAutocomplete-inputRoot .MuiAutocomplete-input {
  width: 0;
  min-width: 30px;
}

.emotion-3 .MuiInput-root {
  padding-bottom: 1px;
}

.emotion-3 .MuiInput-root .MuiInput-input {
  padding: 4px 4px 4px 0px;
}

.emotion-3 .MuiInput-root.MuiInputBase-sizeSmall .MuiInput-input {
  padding: 2px 4px 3px 0;
}

.emotion-3 .MuiOutlinedInput-root {
  padding: 9px;
}

.MuiAutocomplete-hasPopupIcon.emotion-3 .MuiOutlinedInput-root,
.MuiAutocomplete-hasClearIcon.emotion-3 .MuiOutlinedInput-root {
  padding-right: 39px;
}

.MuiAutocomplete-hasPopupIcon.MuiAutocomplete-hasClearIcon.emotion-3 .MuiOutlinedInput-root {
  padding-right: 65px;
}

.emotion-3 .MuiOutlinedInput-root .MuiAutocomplete-input {
  padding: 7.5px 4px 7.5px 6px;
}

.emotion-3 .MuiOutlinedInput-root .MuiAutocomplete-endAdornment {
  right: 9px;
}

.emotion-3 .MuiOutlinedInput-root.MuiInputBase-sizeSmall {
  padding: 6px;
}

.emotion-3 .MuiOutlinedInput-root.MuiInputBase-sizeSmall .MuiAutocomplete-input {
  padding: 2.5px 4px 2.5px 6px;
}

.emotion-3 .MuiFilledInput-root {
  padding-top: 19px;
  padding-left: 8px;
}

.MuiAutocomplete-hasPopupIcon.emotion-3 .MuiFilledInput-root,
.MuiAutocomplete-hasClearIcon.emotion-3 .MuiFilledInput-root {
  padding-right: 39px;
}

.MuiAutocomplete-hasPopupIcon.MuiAutocomplete-hasClearIcon.emotion-3 .MuiFilledInput-root {
  padding-right: 65px;
}

.emotion-3 .MuiFilledInput-root .MuiFilledInput-input {
  padding: 7px 4px;
}

.emotion-3 .MuiFilledInput-root .MuiAutocomplete-endAdornment {
  right: 9px;
}

.emotion-3 .MuiFilledInput-root.MuiInputBase-sizeSmall {
  padding-bottom: 1px;
}

.emotion-3 .MuiFilledInput-root.MuiInputBase-sizeSmall .MuiFilledInput-input {
  padding: 2.5px 4px;
}

.emotion-3 .MuiInputBase-hiddenLabel {
  padding-top: 8px;
}

.emotion-3 .MuiAutocomplete-input {
  -webkit-box-flex: 1;
  -webkit-flex-grow: 1;
  -ms-flex-positive: 1;
  flex-grow: 1;
  text-overflow: ellipsis;
  opacity: 1;
}

.emotion-4 {
  display: -webkit-inline-box;
  display: -webkit-inline-flex;
  display: -ms-inline-flexbox;
  display: inline-flex;
  -webkit-flex-direction: column;
  -ms-flex-direction: column;
  flex-direction: column;
  position: relative;
  min-width: 0;
  padding: 0;
  margin: 0;
  border: 0;
  vertical-align: top;
  width: 100%;
}

.emotion-5 {
  color: rgba(0, 0, 0, 0.6);
  font-family: "Roboto","Helvetica","Arial",sans-serif;
  font-weight: 400;
  font-size: 1rem;
  line-height: 1.4375em;
  letter-spacing: 0.00938em;
  padding: 0;
  position: relative;
  display: block;
  transform-origin: top left;
  white-space: nowrap;
  overflow: hidden;
  text-overflow: ellipsis;
  max-width: calc(100% - 24px);
  position: absolute;
  left: 0;
  top: 0;
  -webkit-transform: translate(14px, 16px) scale(1);
  -moz-transform: translate(14px, 16px) scale(1);
  -ms-transform: translate(14px, 16px) scale(1);
  transform: translate(14px, 16px) scale(1);
  -webkit-transition: color 200ms cubic-bezier(0.0, 0, 0.2, 1) 0ms,-webkit-transform 200ms cubic-bezier(0.0, 0, 0.2, 1) 0ms,max-width 200ms cubic-bezier(0.0, 0, 0.2, 1) 0ms;
  transition: color 200ms cubic-bezier(0.0, 0, 0.2, 1) 0ms,transform 200ms cubic-bezier(0.0, 0, 0.2, 1) 0ms,max-width 200ms cubic-bezier(0.0, 0, 0.2, 1) 0ms;
  z-index: 1;
  pointer-events: none;
}

.emotion-5.Mui-focused {
  color: #1976d2;
}

.emotion-5.Mui-disabled {
  color: rgba(0, 0, 0, 0.38);
}

.emotion-5.Mui-error {
  color: #d32f2f;
}

.emotion-6 {
  font-family: "Roboto","Helvetica","Arial",sans-serif;
  font-weight: 400;
  font-size: 1rem;
  line-height: 1.4375em;
  letter-spacing: 0.00938em;
  color: rgba(0, 0, 0, 0.87);
  box-sizing: border-box;
  position: relative;
  cursor: text;
  display: -webkit-inline-box;
  display: -webkit-inline-flex;
  display: -ms-inline-flexbox;
  display: inline-flex;
  -webkit-align-items: center;
  -webkit-box-align: center;
  -ms-flex-align: center;
  align-items: center;
  width: 100%;
  position: relative;
  border-radius: 4px;
  padding-right: 14px;
}

.emotion-6.Mui-disabled {
  color: rgba(0, 0, 0, 0.38);
  cursor: default;
}

.emotion-6:hover .MuiOutlinedInput-notchedOutline {
  border-color: rgba(0, 0, 0, 0.87);
}

@media (hover: none) {
  .emotion-6:hover .MuiOutlinedInput-notchedOutline {
    border-color: rgba(0, 0, 0, 0.23);
  }
}

.emotion-6.Mui-focused .MuiOutlinedInput-notchedOutline {
  border-color: #1976d2;
  border-width: 2px;
}

.emotion-6.Mui-error .MuiOutlinedInput-notchedOutline {
  border-color: #d32f2f;
}

.emotion-6.Mui-disabled .MuiOutlinedInput-notchedOutline {
  border-color: rgba(0, 0, 0, 0.26);
}

.emotion-7 {
  font: inherit;
  letter-spacing: inherit;
  color: currentColor;
  padding: 4px 0 5px;
  border: 0;
  box-sizing: content-box;
  background: none;
  height: 1.4375em;
  margin: 0;
  -webkit-tap-highlight-color: transparent;
  display: block;
  min-width: 0;
  width: 100%;
  -webkit-animation-name: mui-auto-fill-cancel;
  animation-name: mui-auto-fill-cancel;
  -webkit-animation-duration: 10ms;
  animation-duration: 10ms;
  padding: 16.5px 14px;
  padding-right: 0;
}

.emotion-7::-webkit-input-placeholder {
  color: currentColor;
  opacity: 0.42;
  -webkit-transition: opacity 200ms cubic-bezier(0.4, 0, 0.2, 1) 0ms;
  transition: opacity 200ms cubic-bezier(0.4, 0, 0.2, 1) 0ms;
}

.emotion-7::-moz-placeholder {
  color: currentColor;
  opacity: 0.42;
  -webkit-transition: opacity 200ms cubic-bezier(0.4, 0, 0.2, 1) 0ms;
  transition: opacity 200ms cubic-bezier(0.4, 0, 0.2, 1) 0ms;
}

.emotion-7:-ms-input-placeholder {
  color: currentColor;
  opacity: 0.42;
  -webkit-transition: opacity 200ms cubic-bezier(0.4, 0, 0.2, 1) 0ms;
  transition: opacity 200ms cubic-bezier(0.4, 0, 0.2, 1) 0ms;
}

.emotion-7::-ms-input-placeholder {
  color: currentColor;
  opacity: 0.42;
  -webkit-transition: opacity 200ms cubic-bezier(0.4, 0, 0.2, 1) 0ms;
  transition: opacity 200ms cubic-bezier(0.4, 0, 0.2, 1) 0ms;
}

.emotion-7:focus {
  outline: 0;
}

.emotion-7:invalid {
  box-shadow: none;
}

.emotion-7::-webkit-search-decoration {
  -webkit-appearance: none;
}

label[data-shrink=false]+.MuiInputBase-formControl .emotion-7::-webkit-input-placeholder {
  opacity: 0!important;
}

label[data-shrink=false]+.MuiInputBase-formControl .emotion-7::-moz-placeholder {
  opacity: 0!important;
}

label[data-shrink=false]+.MuiInputBase-formControl .emotion-7:-ms-input-placeholder {
  opacity: 0!important;
}

label[data-shrink=false]+.MuiInputBase-formControl .emotion-7::-ms-input-placeholder {
  opacity: 0!important;
}

label[data-shrink=false]+.MuiInputBase-formControl .emotion-7:focus::-webkit-input-placeholder {
  opacity: 0.42;
}

label[data-shrink=false]+.MuiInputBase-formControl .emotion-7:focus::-moz-placeholder {
  opacity: 0.42;
}

label[data-shrink=false]+.MuiInputBase-formControl .emotion-7:focus:-ms-input-placeholder {
  opacity: 0.42;
}

label[data-shrink=false]+.MuiInputBase-formControl .emotion-7:focus::-ms-input-placeholder {
  opacity: 0.42;
}

.emotion-7.Mui-disabled {
  opacity: 1;
  -webkit-text-fill-color: rgba(0, 0, 0, 0.38);
}

.emotion-7:-webkit-autofill {
  -webkit-animation-duration: 5000s;
  animation-duration: 5000s;
  -webkit-animation-name: mui-auto-fill;
  animation-name: mui-auto-fill;
}

.emotion-7:-webkit-autofill {
  border-radius: inherit;
}

.emotion-8 {
  position: absolute;
  right: 0;
  top: calc(50% - 14px);
}

.emotion-9 {
  text-align: left;
  position: absolute;
  bottom: 0;
  right: 0;
  top: -5px;
  left: 0;
  margin: 0;
  padding: 0 8px;
  pointer-events: none;
  border-radius: inherit;
  border-style: solid;
  border-width: 1px;
  overflow: hidden;
  min-width: 0%;
  border-color: rgba(0, 0, 0, 0.23);
}

.emotion-10 {
  float: unset;
  display: block;
  width: auto;
  padding: 0;
  height: 11px;
  font-size: 0.75em;
  visibility: hidden;
  max-width: 0.01px;
  -webkit-transition: max-width 50ms cubic-bezier(0.0, 0, 0.2, 1) 0ms;
  transition: max-width 50ms cubic-bezier(0.0, 0, 0.2, 1) 0ms;
  white-space: nowrap;
}

.emotion-10>span {
  padding-left: 5px;
  padding-right: 5px;
  display: inline-block;
}

.emotion-11 {
  font-family: "Roboto","Helvetica","Arial",sans-serif;
  font-weight: 400;
  font-size: 1rem;
  line-height: 1.4375em;
  letter-spacing: 0.00938em;
  color: rgba(0, 0, 0, 0.87);
  box-sizing: border-box;
  position: relative;
  cursor: text;
  display: -webkit-inline-box;
  display: -webkit-inline-flex;
  display: -ms-inline-flexbox;
  display: inline-flex;
  -webkit-align-items: center;
  -webkit-box-align: center;
  -ms-flex-align: center;
  align-items: center;
  position: relative;
  border-radius: 4px;
}

.emotion-11.Mui-disabled {
  color: rgba(0, 0, 0, 0.38);
  cursor: default;
}

.emotion-11:hover .MuiOutlinedInput-notchedOutline {
  border-color: rgba(0, 0, 0, 0.87);
}

@media (hover: none) {
  .emotion-11:hover .MuiOutlinedInput-notchedOutline {
    border-color: rgba(0, 0, 0, 0.23);
  }
}

.emotion-11.Mui-focused .MuiOutlinedInput-notchedOutline {
  border-color: #1976d2;
  border-width: 2px;
}

.emotion-11.Mui-error .MuiOutlinedInput-notchedOutline {
  border-color: #d32f2f;
}

.emotion-11.Mui-disabled .MuiOutlinedInput-notchedOutline {
  border-color: rgba(0, 0, 0, 0.26);
}

.emotion-12 {
  -moz-appearance: none;
  -webkit-appearance: none;
  -webkit-user-select: none;
  -moz-user-select: none;
  -ms-user-select: none;
  user-select: none;
  border-radius: 4px;
  cursor: pointer;
  font: inherit;
  letter-spacing: inherit;
  color: currentColor;
  padding: 4px 0 5px;
  border: 0;
  box-sizing: content-box;
  background: none;
  height: 1.4375em;
  margin: 0;
  -webkit-tap-highlight-color: transparent;
  display: block;
  min-width: 0;
  width: 100%;
  -webkit-animation-name: mui-auto-fill-cancel;
  animation-name: mui-auto-fill-cancel;
  -webkit-animation-duration: 10ms;
  animation-duration: 10ms;
  padding: 16.5px 14px;
}

.emotion-12:focus {
  border-radius: 4px;
}

.emotion-12::-ms-expand {
  display: none;
}

.emotion-12.Mui-disabled {
  cursor: default;
}

.emotion-12[multiple] {
  height: auto;
}

.emotion-12:not([multiple]) option,
.emotion-12:not([multiple]) optgroup {
  background-color: #fff;
}

.emotion-12.emotion-12.emotion-12 {
  padding-right: 32px;
}

.emotion-12.MuiSelect-select {
  height: auto;
  min-height: 1.4375em;
  text-overflow: ellipsis;
  white-space: nowrap;
  overflow: hidden;
}

.emotion-12::-webkit-input-placeholder {
  color: currentColor;
  opacity: 0.42;
  -webkit-transition: opacity 200ms cubic-bezier(0.4, 0, 0.2, 1) 0ms;
  transition: opacity 200ms cubic-bezier(0.4, 0, 0.2, 1) 0ms;
}

.emotion-12::-moz-placeholder {
  color: currentColor;
  opacity: 0.42;
  -webkit-transition: opacity 200ms cubic-bezier(0.4, 0, 0.2, 1) 0ms;
  transition: opacity 200ms cubic-bezier(0.4, 0, 0.2, 1) 0ms;
}

.emotion-12:-ms-input-placeholder {
  color: currentColor;
  opacity: 0.42;
  -webkit-transition: opacity 200ms cubic-bezier(0.4, 0, 0.2, 1) 0ms;
  transition: opacity 200ms cubic-bezier(0.4, 0, 0.2, 1) 0ms;
}

.emotion-12::-ms-input-placeholder {
  color: currentColor;
  opacity: 0.42;
  -webkit-transition: opacity 200ms cubic-bezier(0.4, 0, 0.2, 1) 0ms;
  transition: opacity 200ms cubic-bezier(0.4, 0, 0.2, 1) 0ms;
}

.emotion-12:focus {
  outline: 0;
}

.emotion-12:invalid {
  box-shadow: none;
}

.emotion-12::-webkit-search-decoration {
  -webkit-appearance: none;
}

label[data-shrink=false]+.MuiInputBase-formControl .emotion-12::-webkit-input-placeholder {
  opacity: 0!important;
}

label[data-shrink=false]+.MuiInputBase-formControl .emotion-12::-moz-placeholder {
  opacity: 0!important;
}

label[data-shrink=false]+.MuiInputBase-formControl .emotion-12:-ms-input-placeholder {
  opacity: 0!important;
}

label[data-shrink=false]+.MuiInputBase-formControl .emotion-12::-ms-input-placeholder {
  opacity: 0!important;
}

label[data-shrink=false]+.MuiInputBase-formControl .emotion-12:focus::-webkit-input-placeholder {
  opacity: 0.42;
}

label[data-shrink=false]+.MuiInputBase-formControl .emotion-12:focus::-moz-placeholder {
  opacity: 0.42;
}

label[data-shrink=false]+.MuiInputBase-formControl .emotion-12:focus:-ms-input-placeholder {
  opacity: 0.42;
}

label[data-shrink=false]+.MuiInputBase-formControl .emotion-12:focus::-ms-input-placeholder {
  opacity: 0.42;
}

.emotion-12.Mui-disabled {
  opacity: 1;
  -webkit-text-fill-color: rgba(0, 0, 0, 0.38);
}

.emotion-12:-webkit-autofill {
  -webkit-animation-duration: 5000s;
  animation-duration: 5000s;
  -webkit-animation-name: mui-auto-fill;
  animation-name: mui-auto-fill;
}

.emotion-12:-webkit-autofill {
  border-radius: inherit;
}

.emotion-13 {
  bottom: 0;
  left: 0;
  position: absolute;
  opacity: 0;
  pointer-events: none;
  width: 100%;
  box-sizing: border-box;
}

.emotion-14 {
  -webkit-user-select: none;
  -moz-user-select: none;
  -ms-user-select: none;
  user-select: none;
  width: 1em;
  height: 1em;
  display: inline-block;
  fill: currentColor;
  -webkit-flex-shrink: 0;
  -ms-flex-negative: 0;
  flex-shrink: 0;
  -webkit-transition: fill 200ms cubic-bezier(0.4, 0, 0.2, 1) 0ms;
  transition: fill 200ms cubic-bezier(0.4, 0, 0.2, 1) 0ms;
  font-size: 1.5rem;
  position: absolute;
  right: 7px;
  top: calc(50% - .5em);
  pointer-events: none;
  color: rgba(0, 0, 0, 0.54);
}

.emotion-14.Mui-disabled {
  color: rgba(0, 0, 0, 0.26);
}

.emotion-16 {
  float: unset;
  padding: 0;
  line-height: 11px;
  -webkit-transition: width 150ms cubic-bezier(0.0, 0, 0.2, 1) 0ms;
  transition: width 150ms cubic-bezier(0.0, 0, 0.2, 1) 0ms;
}

.emotion-17 {
  display: -webkit-inline-box;
  display: -webkit-inline-flex;
  display: -ms-inline-flexbox;
  display: inline-flex;
  -webkit-flex-direction: column;
  -ms-flex-direction: column;
  flex-direction: column;
  position: relative;
  min-width: 0;
  padding: 0;
  margin: 0;
  border: 0;
  vertical-align: top;
}

.emotion-20 {
  font: inherit;
  letter-spacing: inherit;
  color: currentColor;
  padding: 4px 0 5px;
  border: 0;
  box-sizing: content-box;
  background: none;
  height: 1.4375em;
  margin: 0;
  -webkit-tap-highlight-color: transparent;
  display: block;
  min-width: 0;
  width: 100%;
  -webkit-animation-name: mui-auto-fill-cancel;
  animation-name: mui-auto-fill-cancel;
  -webkit-animation-duration: 10ms;
  animation-duration: 10ms;
  padding: 16.5px 14px;
}

.emotion-20::-webkit-input-placeholder {
  color: currentColor;
  opacity: 0.42;
  -webkit-transition: opacity 200ms cubic-bezier(0.4, 0, 0.2, 1) 0ms;
  transition: opacity 200ms cubic-bezier(0.4, 0, 0.2, 1) 0ms;
}

.emotion-20::-moz-placeholder {
  color: currentColor;
  opacity: 0.42;
  -webkit-transition: opacity 200ms cubic-bezier(0.4, 0, 0.2, 1) 0ms;
  transition: opacity 200ms cubic-bezier(0.4, 0, 0.2, 1) 0ms;
}

.emotion-20:-ms-input-placeholder {
  color: currentColor;
  opacity: 0.42;
  -webkit-transition: opacity 200ms cubic-bezier(0.4, 0, 0.2, 1) 0ms;
  transition: opacity 200ms cubic-bezier(0.4, 0, 0.2, 1) 0ms;
}

.emotion-20::-ms-input-placeholder {
  color: currentColor;
  opacity: 0.42;
  -webkit-transition: opacity 200ms cubic-bezier(0.4, 0, 0.2, 1) 0ms;
  transition: opacity 200ms cubic-bezier(0.4, 0, 0.2, 1) 0ms;
}

.emotion-20:focus {
  outline: 0;
}

.emotion-20:invalid {
  box-shadow: none;
}

.emotion-20::-webkit-search-decoration {
  -webkit-appearance: none;
}

label[data-shrink=false]+.MuiInputBase-formControl .emotion-20::-webkit-input-placeholder {
  opacity: 0!important;
}

label[data-shrink=false]+.MuiInputBase-formControl .emotion-20::-moz-placeholder {
  opacity: 0!important;
}

label[data-shrink=false]+.MuiInputBase-formControl .emotion-20:-ms-input-placeholder {
  opacity: 0!important;
}

label[data-shrink=false]+.MuiInputBase-formControl .emotion-20::-ms-input-placeholder {
  opacity: 0!important;
}

label[data-shrink=false]+.MuiInputBase-formControl .emotion-20:focus::-webkit-input-placeholder {
  opacity: 0.42;
}

label[data-shrink=false]+.MuiInputBase-formControl .emotion-20:focus::-moz-placeholder {
  opacity: 0.42;
}

label[data-shrink=false]+.MuiInputBase-formControl .emotion-20:focus:-ms-input-placeholder {
  opacity: 0.42;
}

label[data-shrink=false]+.MuiInputBase-formControl .emotion-20:focus::-ms-input-placeholder {
  opacity: 0.42;
}

.emotion-20.Mui-disabled {
  opacity: 1;
  -webkit-text-fill-color: rgba(0, 0, 0, 0.38);
}

.emotion-20:-webkit-autofill {
  -webkit-animation-duration: 5000s;
  animation-duration: 5000s;
  -webkit-animation-name: mui-auto-fill;
  animation-name: mui-auto-fill;
}

.emotion-20:-webkit-autofill {
  border-radius: inherit;
}

.emotion-23 {
  -webkit-user-select: none;
  -moz-user-select: none;
  -ms-user-select: none;
  user-select: none;
  width: 1em;
  height: 1em;
  display: inline-block;
  fill: currentColor;
  -webkit-flex-shrink: 0;
  -ms-flex-negative: 0;
  flex-shrink: 0;
  -webkit-transition: fill 200ms cubic-bezier(0.4, 0, 0.2, 1) 0ms;
  transition: fill 200ms cubic-bezier(0.4, 0, 0.2, 1) 0ms;
  font-size: 1.25rem;
}

<div
  class="MuiCollapse-root MuiCollapse-vertical filter-wrapper MuiCollapse-entered emotion-0"
  style="min-height: 0px;"
>
  <div
    class="MuiCollapse-wrapper MuiCollapse-vertical emotion-1"
  >
    <div
      class="MuiCollapse-wrapperInner MuiCollapse-vertical emotion-2"
    >
      <div
        class="flexbox"
      >
        <div
          class="margin-right"
          style="margin-top: 25px;"
        >
          Devices matching:
        </div>
        <div>
          <div
            class="flexbox center-aligned relative"
          >
            <div
              aria-expanded="false"
              class="MuiAutocomplete-root emotion-3"
              role="combobox"
            >
              <div
                class="MuiFormControl-root MuiFormControl-fullWidth MuiTextField-root emotion-4"
                style="margin-top: 0px; margin-bottom: 15px;"
              >
                <label
                  class="MuiInputLabel-root MuiInputLabel-formControl MuiInputLabel-animated MuiInputLabel-outlined MuiFormLabel-root MuiFormLabel-colorPrimary emotion-5"
                  data-shrink="false"
                  for="filter-selection"
                  id="filter-selection-label"
                >
                  Attribute
                </label>
                <div
                  class="MuiOutlinedInput-root MuiInputBase-root MuiInputBase-colorPrimary MuiInputBase-fullWidth MuiInputBase-formControl MuiInputBase-adornedEnd MuiAutocomplete-inputRoot emotion-6"
                >
                  <input
                    aria-autocomplete="both"
                    aria-invalid="false"
                    autocapitalize="none"
                    autocomplete="off"
                    class="MuiOutlinedInput-input MuiInputBase-input MuiInputBase-inputAdornedEnd MuiAutocomplete-input MuiAutocomplete-inputFocused emotion-7"
                    id="filter-selection"
                    spellcheck="false"
                    type="text"
                    value=""
                  />
                  <div
                    class="MuiAutocomplete-endAdornment emotion-8"
                  />
                  <fieldset
                    aria-hidden="true"
                    class="MuiOutlinedInput-notchedOutline emotion-9"
                  >
                    <legend
                      class="emotion-10"
                    >
                      <span>
                        Attribute
                      </span>
                    </legend>
                  </fieldset>
                </div>
              </div>
            </div>
            <div
              class="MuiOutlinedInput-root MuiInputBase-root MuiInputBase-colorPrimary margin-left-small margin-right-small emotion-11"
            >
              <div
                aria-expanded="false"
                aria-haspopup="listbox"
                class="MuiSelect-select MuiSelect-outlined MuiOutlinedInput-input MuiInputBase-input emotion-12"
                role="button"
                tabindex="0"
              >
                equals
              </div>
              <input
                aria-hidden="true"
                class="MuiSelect-nativeInput emotion-13"
                tabindex="-1"
                value="$eq"
              />
              <svg
                aria-hidden="true"
                class="MuiSvgIcon-root MuiSvgIcon-fontSizeMedium MuiSelect-icon MuiSelect-iconOutlined emotion-14"
                data-testid="ArrowDropDownIcon"
                focusable="false"
                viewBox="0 0 24 24"
              >
                <path
                  d="M7 10l5 5 5-5z"
                />
              </svg>
              <fieldset
                aria-hidden="true"
                class="MuiOutlinedInput-notchedOutline emotion-9"
              >
                <legend
                  class="emotion-16"
                >
                  <span
                    class="notranslate"
                  >
                    ​
                  </span>
                </legend>
              </fieldset>
            </div>
            <div
              class="MuiFormControl-root MuiTextField-root emotion-17"
              style="margin-top: 0px; margin-bottom: 15px;"
            >
              <label
                class="MuiInputLabel-root MuiInputLabel-formControl MuiInputLabel-animated MuiInputLabel-outlined MuiFormLabel-root MuiFormLabel-colorPrimary emotion-5"
                data-shrink="false"
                for="mui-1"
                id="mui-1-label"
              >
                Value
              </label>
              <div
                class="MuiOutlinedInput-root MuiInputBase-root MuiInputBase-colorPrimary MuiInputBase-formControl emotion-11"
              >
                <input
                  aria-invalid="false"
                  class="MuiOutlinedInput-input MuiInputBase-input emotion-20"
                  id="mui-1"
                  type="text"
                  value=""
                />
                <fieldset
                  aria-hidden="true"
                  class="MuiOutlinedInput-notchedOutline emotion-9"
                >
                  <legend
                    class="emotion-10"
                  >
                    <span>
                      Value
                    </span>
                  </legend>
                </fieldset>
              </div>
            </div>
          </div>
          
        </div>
      </div>
      <div
        class="flexbox column margin-top-small margin-bottom-small"
        style="align-items: flex-end;"
      >
        <p
          class="info icon "
        >
          <svg
            aria-hidden="true"
            class="MuiSvgIcon-root MuiSvgIcon-fontSizeSmall emotion-23"
            data-testid="InfoOutlinedIcon"
            focusable="false"
            style="vertical-align: middle; margin: 0px 6px 4px 0px;"
            viewBox="0 0 24 24"
          >
            <path
              d="M11 7h2v2h-2zm0 4h2v6h-2zm1-9C6.48 2 2 6.48 2 12s4.48 10 10 10 10-4.48 10-10S17.52 2 12 2zm0 18c-4.41 0-8-3.59-8-8s3.59-8 8-8 8 3.59 8 8-3.59 8-8 8z"
            />
          </svg>
          With a more advanced commercial Mender plan you get access to filtering by multiple attributes to improve the device overview and the creation of dynamic groups to ease device management. Get an overview of the Mender plans on the 
          <a
            href="https://mender.io/plans/features"
            rel="noopener noreferrer"
            target="_blank"
          >
            features page
          </a>
          .
        </p>
      </div>
    </div>
  </div>
</div>
`;
